Archive member included to satisfy reference by file (symbol)

c:/altera_lite/15.1/nios2eds/bin/gnu/h-x86_64-mingw32/bin/../lib/gcc/nios2-elf/4.9.2/mno-hw-mul\libgcc.a(lib2-divmod.o)
                              obj/default/main.o (__divsi3)
c:/altera_lite/15.1/nios2eds/bin/gnu/h-x86_64-mingw32/bin/../lib/gcc/nios2-elf/4.9.2/mno-hw-mul\libgcc.a(lib2-mul.o)
                              obj/default/main.o (__mulsi3)
../lab1_software_bsp/\libhal_bsp.a(alt_load.o)
                              ../lab1_software_bsp//obj/HAL/src/crt0.o (alt_load)
../lab1_software_bsp/\libhal_bsp.a(alt_main.o)
                              ../lab1_software_bsp//obj/HAL/src/crt0.o (alt_main)
../lab1_software_bsp/\libhal_bsp.a(alt_sys_init.o)
                              ../lab1_software_bsp/\libhal_bsp.a(alt_main.o) (alt_irq_init)
../lab1_software_bsp/\libhal_bsp.a(altera_avalon_jtag_uart_fd.o)
                              ../lab1_software_bsp/\libhal_bsp.a(alt_sys_init.o) (altera_avalon_jtag_uart_read_fd)
../lab1_software_bsp/\libhal_bsp.a(altera_avalon_jtag_uart_init.o)
                              ../lab1_software_bsp/\libhal_bsp.a(alt_sys_init.o) (altera_avalon_jtag_uart_init)
../lab1_software_bsp/\libhal_bsp.a(altera_avalon_jtag_uart_ioctl.o)
                              ../lab1_software_bsp/\libhal_bsp.a(altera_avalon_jtag_uart_fd.o) (altera_avalon_jtag_uart_ioctl)
../lab1_software_bsp/\libhal_bsp.a(altera_avalon_jtag_uart_read.o)
                              ../lab1_software_bsp/\libhal_bsp.a(altera_avalon_jtag_uart_fd.o) (altera_avalon_jtag_uart_read)
../lab1_software_bsp/\libhal_bsp.a(altera_avalon_jtag_uart_write.o)
                              ../lab1_software_bsp/\libhal_bsp.a(altera_avalon_jtag_uart_fd.o) (altera_avalon_jtag_uart_write)
../lab1_software_bsp/\libhal_bsp.a(altera_avalon_timer_sc.o)
                              ../lab1_software_bsp/\libhal_bsp.a(alt_sys_init.o) (alt_avalon_timer_sc_init)
../lab1_software_bsp/\libhal_bsp.a(alt_alarm_start.o)
                              ../lab1_software_bsp/\libhal_bsp.a(altera_avalon_jtag_uart_init.o) (alt_alarm_start)
../lab1_software_bsp/\libhal_bsp.a(alt_close.o)
                              ../lab1_software_bsp/\libhal_bsp.a(alt_main.o) (close)
../lab1_software_bsp/\libhal_bsp.a(alt_dcache_flush_all.o)
                              ../lab1_software_bsp/\libhal_bsp.a(alt_load.o) (alt_dcache_flush_all)
../lab1_software_bsp/\libhal_bsp.a(alt_dev.o)
                              ../lab1_software_bsp/\libhal_bsp.a(alt_sys_init.o) (alt_dev_list)
../lab1_software_bsp/\libhal_bsp.a(alt_dev_llist_insert.o)
                              ../lab1_software_bsp/\libhal_bsp.a(alt_sys_init.o) (alt_dev_llist_insert)
../lab1_software_bsp/\libhal_bsp.a(alt_do_ctors.o)
                              ../lab1_software_bsp/\libhal_bsp.a(alt_main.o) (_do_ctors)
../lab1_software_bsp/\libhal_bsp.a(alt_do_dtors.o)
                              ../lab1_software_bsp/\libhal_bsp.a(alt_main.o) (_do_dtors)
../lab1_software_bsp/\libhal_bsp.a(alt_errno.o)
                              ../lab1_software_bsp/\libhal_bsp.a(alt_close.o) (alt_errno)
../lab1_software_bsp/\libhal_bsp.a(alt_icache_flush_all.o)
                              ../lab1_software_bsp/\libhal_bsp.a(alt_load.o) (alt_icache_flush_all)
../lab1_software_bsp/\libhal_bsp.a(alt_iic.o)
                              ../lab1_software_bsp/\libhal_bsp.a(altera_avalon_jtag_uart_init.o) (alt_ic_isr_register)
../lab1_software_bsp/\libhal_bsp.a(alt_iic_isr_register.o)
                              ../lab1_software_bsp/\libhal_bsp.a(alt_iic.o) (alt_iic_isr_register)
../lab1_software_bsp/\libhal_bsp.a(alt_io_redirect.o)
                              ../lab1_software_bsp/\libhal_bsp.a(alt_main.o) (alt_io_redirect)
../lab1_software_bsp/\libhal_bsp.a(alt_irq_entry.o)
                              ../lab1_software_bsp/\libhal_bsp.a(alt_iic_isr_register.o) (alt_irq_entry)
../lab1_software_bsp/\libhal_bsp.a(alt_irq_handler.o)
                              ../lab1_software_bsp/\libhal_bsp.a(alt_iic_isr_register.o) (alt_irq)
../lab1_software_bsp/\libhal_bsp.a(alt_irq_vars.o)
                              ../lab1_software_bsp/\libhal_bsp.a(alt_iic.o) (alt_irq_active)
../lab1_software_bsp/\libhal_bsp.a(alt_open.o)
                              ../lab1_software_bsp/\libhal_bsp.a(alt_io_redirect.o) (open)
../lab1_software_bsp/\libhal_bsp.a(alt_release_fd.o)
                              ../lab1_software_bsp/\libhal_bsp.a(alt_close.o) (alt_release_fd)
../lab1_software_bsp/\libhal_bsp.a(alt_tick.o)
                              ../lab1_software_bsp/\libhal_bsp.a(altera_avalon_jtag_uart_init.o) (_alt_tick_rate)
../lab1_software_bsp/\libhal_bsp.a(altera_nios2_gen2_irq.o)
                              ../lab1_software_bsp/\libhal_bsp.a(alt_sys_init.o) (altera_nios2_gen2_irq_init)
../lab1_software_bsp/\libhal_bsp.a(alt_exception_entry.o)
                              ../lab1_software_bsp/\libhal_bsp.a(alt_irq_entry.o) (alt_exception)
../lab1_software_bsp/\libhal_bsp.a(alt_find_dev.o)
                              ../lab1_software_bsp/\libhal_bsp.a(alt_open.o) (alt_find_dev)
../lab1_software_bsp/\libhal_bsp.a(alt_find_file.o)
                              ../lab1_software_bsp/\libhal_bsp.a(alt_open.o) (alt_find_file)
../lab1_software_bsp/\libhal_bsp.a(alt_get_fd.o)
                              ../lab1_software_bsp/\libhal_bsp.a(alt_open.o) (alt_get_fd)
../lab1_software_bsp/\libhal_bsp.a(alt_instruction_exception_entry.o)
                              ../lab1_software_bsp/\libhal_bsp.a(alt_exception_entry.o) (alt_instruction_exception_entry)
c:/altera_lite/15.1/nios2eds/bin/gnu/h-x86_64-mingw32/bin/../lib/gcc/nios2-elf/4.9.2/../../../../../H-x86_64-mingw32/nios2-elf/lib/mno-hw-mul\libc.a(lib_a-atexit.o)
                              ../lab1_software_bsp/\libhal_bsp.a(alt_main.o) (atexit)
c:/altera_lite/15.1/nios2eds/bin/gnu/h-x86_64-mingw32/bin/../lib/gcc/nios2-elf/4.9.2/../../../../../H-x86_64-mingw32/nios2-elf/lib/mno-hw-mul\libc.a(lib_a-exit.o)
                              ../lab1_software_bsp/\libhal_bsp.a(alt_main.o) (exit)
c:/altera_lite/15.1/nios2eds/bin/gnu/h-x86_64-mingw32/bin/../lib/gcc/nios2-elf/4.9.2/../../../../../H-x86_64-mingw32/nios2-elf/lib/mno-hw-mul\libc.a(lib_a-impure.o)
                              c:/altera_lite/15.1/nios2eds/bin/gnu/h-x86_64-mingw32/bin/../lib/gcc/nios2-elf/4.9.2/../../../../../H-x86_64-mingw32/nios2-elf/lib/mno-hw-mul\libc.a(lib_a-exit.o) (_global_impure_ptr)
c:/altera_lite/15.1/nios2eds/bin/gnu/h-x86_64-mingw32/bin/../lib/gcc/nios2-elf/4.9.2/../../../../../H-x86_64-mingw32/nios2-elf/lib/mno-hw-mul\libc.a(lib_a-int_errno.o)
                              ../lab1_software_bsp/\libhal_bsp.a(alt_close.o) (errno)
c:/altera_lite/15.1/nios2eds/bin/gnu/h-x86_64-mingw32/bin/../lib/gcc/nios2-elf/4.9.2/../../../../../H-x86_64-mingw32/nios2-elf/lib/mno-hw-mul\libc.a(lib_a-memcmp.o)
                              ../lab1_software_bsp/\libhal_bsp.a(alt_find_dev.o) (memcmp)
c:/altera_lite/15.1/nios2eds/bin/gnu/h-x86_64-mingw32/bin/../lib/gcc/nios2-elf/4.9.2/../../../../../H-x86_64-mingw32/nios2-elf/lib/mno-hw-mul\libc.a(lib_a-memcpy.o)
                              ../lab1_software_bsp/\libhal_bsp.a(altera_avalon_jtag_uart_read.o) (memcpy)
c:/altera_lite/15.1/nios2eds/bin/gnu/h-x86_64-mingw32/bin/../lib/gcc/nios2-elf/4.9.2/../../../../../H-x86_64-mingw32/nios2-elf/lib/mno-hw-mul\libc.a(lib_a-strlen.o)
                              ../lab1_software_bsp/\libhal_bsp.a(alt_find_dev.o) (strlen)
c:/altera_lite/15.1/nios2eds/bin/gnu/h-x86_64-mingw32/bin/../lib/gcc/nios2-elf/4.9.2/../../../../../H-x86_64-mingw32/nios2-elf/lib/mno-hw-mul\libc.a(lib_a-__atexit.o)
                              c:/altera_lite/15.1/nios2eds/bin/gnu/h-x86_64-mingw32/bin/../lib/gcc/nios2-elf/4.9.2/../../../../../H-x86_64-mingw32/nios2-elf/lib/mno-hw-mul\libc.a(lib_a-atexit.o) (__register_exitproc)
c:/altera_lite/15.1/nios2eds/bin/gnu/h-x86_64-mingw32/bin/../lib/gcc/nios2-elf/4.9.2/../../../../../H-x86_64-mingw32/nios2-elf/lib/mno-hw-mul\libc.a(lib_a-__call_atexit.o)
                              c:/altera_lite/15.1/nios2eds/bin/gnu/h-x86_64-mingw32/bin/../lib/gcc/nios2-elf/4.9.2/../../../../../H-x86_64-mingw32/nios2-elf/lib/mno-hw-mul\libc.a(lib_a-exit.o) (__call_exitprocs)
../lab1_software_bsp/\libhal_bsp.a(alt_exit.o)
                              c:/altera_lite/15.1/nios2eds/bin/gnu/h-x86_64-mingw32/bin/../lib/gcc/nios2-elf/4.9.2/../../../../../H-x86_64-mingw32/nios2-elf/lib/mno-hw-mul\libc.a(lib_a-exit.o) (_exit)

Allocating common symbols
Common symbol       size              file

alt_irq             0x100             ../lab1_software_bsp/\libhal_bsp.a(alt_irq_handler.o)
errno               0x4               c:/altera_lite/15.1/nios2eds/bin/gnu/h-x86_64-mingw32/bin/../lib/gcc/nios2-elf/4.9.2/../../../../../H-x86_64-mingw32/nios2-elf/lib/mno-hw-mul\libc.a(lib_a-int_errno.o)

Memory Configuration

Name             Origin             Length             Attributes
reset            0x0000000000010000 0x0000000000000020
onchip_mem       0x0000000000010020 0x000000000000ffe0
*default*        0x0000000000000000 0xffffffffffffffff

Linker script and memory map

LOAD ../lab1_software_bsp//obj/HAL/src/crt0.o
LOAD obj/default/main.o
LOAD c:/altera_lite/15.1/nios2eds/bin/gnu/h-x86_64-mingw32/bin/../lib/gcc/nios2-elf/4.9.2/../../../../../H-x86_64-mingw32/nios2-elf/lib/mno-hw-mul\libstdc++.a
LOAD c:/altera_lite/15.1/nios2eds/bin/gnu/h-x86_64-mingw32/bin/../lib/gcc/nios2-elf/4.9.2/../../../../../H-x86_64-mingw32/nios2-elf/lib/mno-hw-mul\libm.a
LOAD c:/altera_lite/15.1/nios2eds/bin/gnu/h-x86_64-mingw32/bin/../lib/gcc/nios2-elf/4.9.2/mno-hw-mul\libgcc.a
START GROUP
LOAD c:/altera_lite/15.1/nios2eds/bin/gnu/h-x86_64-mingw32/bin/../lib/gcc/nios2-elf/4.9.2/../../../../../H-x86_64-mingw32/nios2-elf/lib/mno-hw-mul\libc.a
LOAD c:/altera_lite/15.1/nios2eds/bin/gnu/h-x86_64-mingw32/bin/../lib/gcc/nios2-elf/4.9.2/mno-hw-mul\libgcc.a
LOAD ../lab1_software_bsp/\libhal_bsp.a
LOAD c:/altera_lite/15.1/nios2eds/bin/gnu/h-x86_64-mingw32/bin/../lib/gcc/nios2-elf/4.9.2/../../../../../H-x86_64-mingw32/nios2-elf/lib/mno-hw-mul\libm.a
END GROUP
LOAD c:/altera_lite/15.1/nios2eds/bin/gnu/h-x86_64-mingw32/bin/../lib/gcc/nios2-elf/4.9.2/mno-hw-mul\libgcc.a
                0x0000000000010000                __alt_mem_onchip_mem = 0x10000

.entry          0x0000000000010000       0x20
 *(.entry)
 .entry         0x0000000000010000       0x20 ../lab1_software_bsp//obj/HAL/src/crt0.o
                0x0000000000010000                __reset

.exceptions     0x0000000000010020      0x20c
                0x0000000000010020                PROVIDE (__ram_exceptions_start, ABSOLUTE (.))
                0x0000000000010020                . = ALIGN (0x20)
 *(.irq)
 *(.exceptions.entry.label)
 .exceptions.entry.label
                0x0000000000010020        0x0 ../lab1_software_bsp/\libhal_bsp.a(alt_irq_entry.o)
                0x0000000000010020                alt_irq_entry
 .exceptions.entry.label
                0x0000000000010020        0x0 ../lab1_software_bsp/\libhal_bsp.a(alt_exception_entry.o)
                0x0000000000010020                alt_exception
 *(.exceptions.entry.user)
 *(.exceptions.entry.ecc_fatal)
 *(.exceptions.entry)
 .exceptions.entry
                0x0000000000010020       0x54 ../lab1_software_bsp/\libhal_bsp.a(alt_exception_entry.o)
 *(.exceptions.irqtest.user)
 *(.exceptions.irqtest)
 .exceptions.irqtest
                0x0000000000010074       0x10 ../lab1_software_bsp/\libhal_bsp.a(alt_irq_entry.o)
 *(.exceptions.irqhandler.user)
 *(.exceptions.irqhandler)
 .exceptions.irqhandler
                0x0000000000010084        0x4 ../lab1_software_bsp/\libhal_bsp.a(alt_irq_entry.o)
 *(.exceptions.irqreturn.user)
 *(.exceptions.irqreturn)
 .exceptions.irqreturn
                0x0000000000010088        0x4 ../lab1_software_bsp/\libhal_bsp.a(alt_irq_entry.o)
 *(.exceptions.notirq.label)
 .exceptions.notirq.label
                0x000000000001008c        0x0 ../lab1_software_bsp/\libhal_bsp.a(alt_irq_entry.o)
 *(.exceptions.notirq.user)
 *(.exceptions.notirq)
 .exceptions.notirq
                0x000000000001008c        0x8 ../lab1_software_bsp/\libhal_bsp.a(alt_exception_entry.o)
 *(.exceptions.soft.user)
 *(.exceptions.soft)
 *(.exceptions.unknown.user)
 *(.exceptions.unknown)
 .exceptions.unknown
                0x0000000000010094       0x14 ../lab1_software_bsp/\libhal_bsp.a(alt_exception_entry.o)
 *(.exceptions.exit.label)
 .exceptions.exit.label
                0x00000000000100a8        0x0 ../lab1_software_bsp/\libhal_bsp.a(alt_irq_entry.o)
 .exceptions.exit.label
                0x00000000000100a8        0x0 ../lab1_software_bsp/\libhal_bsp.a(alt_exception_entry.o)
 *(.exceptions.exit.user)
 *(.exceptions.exit)
 .exceptions.exit
                0x00000000000100a8       0x54 ../lab1_software_bsp/\libhal_bsp.a(alt_exception_entry.o)
 *(.exceptions)
 .exceptions    0x00000000000100fc       0xd0 ../lab1_software_bsp/\libhal_bsp.a(alt_irq_handler.o)
                0x00000000000100fc                alt_irq_handler
 .exceptions    0x00000000000101cc       0x60 ../lab1_software_bsp/\libhal_bsp.a(alt_instruction_exception_entry.o)
                0x00000000000101cc                alt_instruction_exception_entry
                0x000000000001022c                PROVIDE (__ram_exceptions_end, ABSOLUTE (.))
                0x0000000000010020                PROVIDE (__flash_exceptions_start, LOADADDR (.exceptions))

.text           0x000000000001022c     0x2d98
                0x000000000001022c                PROVIDE (stext, ABSOLUTE (.))
 *(.interp)
 *(.hash)
 *(.dynsym)
 *(.dynstr)
 *(.gnu.version)
 *(.gnu.version_d)
 *(.gnu.version_r)
 *(.rel.init)
 *(.rela.init)
 *(.rel.text .rel.text.* .rel.gnu.linkonce.t.*)
 *(.rela.text .rela.text.* .rela.gnu.linkonce.t.*)
 *(.rel.fini)
 *(.rela.fini)
 *(.rel.rodata .rel.rodata.* .rel.gnu.linkonce.r.*)
 *(.rela.rodata .rela.rodata.* .rela.gnu.linkonce.r.*)
 *(.rel.data .rel.data.* .rel.gnu.linkonce.d.*)
 *(.rela.data .rela.data.* .rela.gnu.linkonce.d.*)
 *(.rel.tdata .rel.tdata.* .rel.gnu.linkonce.td.*)
 *(.rela.tdata .rela.tdata.* .rela.gnu.linkonce.td.*)
 *(.rel.tbss .rel.tbss.* .rel.gnu.linkonce.tb.*)
 *(.rela.tbss .rela.tbss.* .rela.gnu.linkonce.tb.*)
 *(.rel.ctors)
 *(.rela.ctors)
 *(.rel.dtors)
 *(.rela.dtors)
 *(.rel.got)
 *(.rela.got)
 *(.rel.sdata .rel.sdata.* .rel.gnu.linkonce.s.*)
 *(.rela.sdata .rela.sdata.* .rela.gnu.linkonce.s.*)
 *(.rel.sbss .rel.sbss.* .rel.gnu.linkonce.sb.*)
 *(.rela.sbss .rela.sbss.* .rela.gnu.linkonce.sb.*)
 *(.rel.sdata2 .rel.sdata2.* .rel.gnu.linkonce.s2.*)
 *(.rela.sdata2 .rela.sdata2.* .rela.gnu.linkonce.s2.*)
 *(.rel.sbss2 .rel.sbss2.* .rel.gnu.linkonce.sb2.*)
 *(.rela.sbss2 .rela.sbss2.* .rela.gnu.linkonce.sb2.*)
 *(.rel.bss .rel.bss.* .rel.gnu.linkonce.b.*)
 *(.rela.bss .rela.bss.* .rela.gnu.linkonce.b.*)
 *(.rel.plt)
 *(.rela.plt)
 *(.rel.dyn)
 *(.init)
 *(.plt)
 *(.text .stub .text.* .gnu.linkonce.t.*)
 .text          0x000000000001022c       0x3c ../lab1_software_bsp//obj/HAL/src/crt0.o
                0x000000000001022c                _start
 .text          0x0000000000010268      0x890 obj/default/main.o
                0x0000000000010268                sseg_conv_hex
                0x00000000000102bc                sseg_disp_4_digit
                0x0000000000010338                display_int_to_sseg
                0x000000000001048c                display_pause
                0x000000000001051c                display_all_off
                0x00000000000105a4                get_switches
                0x00000000000105dc                led_flash
                0x0000000000010654                all_leds_off
                0x0000000000010680                inverting_leds
                0x00000000000106bc                juart_write_string
                0x0000000000010744                timer_write_period
                0x00000000000107b8                ms_to_nb_of_steps
                0x00000000000107fc                timer_is_done
                0x0000000000010840                restart_timer
                0x0000000000010880                main
 .text          0x0000000000010af8      0x12c c:/altera_lite/15.1/nios2eds/bin/gnu/h-x86_64-mingw32/bin/../lib/gcc/nios2-elf/4.9.2/mno-hw-mul\libgcc.a(lib2-divmod.o)
                0x0000000000010b64                __divsi3
                0x0000000000010bb8                __modsi3
                0x0000000000010c14                __udivsi3
                0x0000000000010c1c                __umodsi3
 .text          0x0000000000010c24       0x28 c:/altera_lite/15.1/nios2eds/bin/gnu/h-x86_64-mingw32/bin/../lib/gcc/nios2-elf/4.9.2/mno-hw-mul\libgcc.a(lib2-mul.o)
                0x0000000000010c24                __mulsi3
 .text          0x0000000000010c4c       0xe4 ../lab1_software_bsp/\libhal_bsp.a(alt_load.o)
                0x0000000000010cb0                alt_load
 .text          0x0000000000010d30       0x78 ../lab1_software_bsp/\libhal_bsp.a(alt_main.o)
                0x0000000000010d30                alt_main
 .text          0x0000000000010da8       0xcc ../lab1_software_bsp/\libhal_bsp.a(alt_sys_init.o)
                0x0000000000010de0                alt_irq_init
                0x0000000000010e14                alt_sys_init
 .text          0x0000000000010e74      0x164 ../lab1_software_bsp/\libhal_bsp.a(altera_avalon_jtag_uart_fd.o)
                0x0000000000010e74                altera_avalon_jtag_uart_read_fd
                0x0000000000010ed4                altera_avalon_jtag_uart_write_fd
                0x0000000000010f34                altera_avalon_jtag_uart_close_fd
                0x0000000000010f84                altera_avalon_jtag_uart_ioctl_fd
 .text          0x0000000000010fd8      0x3d8 ../lab1_software_bsp/\libhal_bsp.a(altera_avalon_jtag_uart_init.o)
                0x0000000000010fd8                altera_avalon_jtag_uart_init
                0x0000000000011348                altera_avalon_jtag_uart_close
 .text          0x00000000000113b0       0xec ../lab1_software_bsp/\libhal_bsp.a(altera_avalon_jtag_uart_ioctl.o)
                0x00000000000113b0                altera_avalon_jtag_uart_ioctl
 .text          0x000000000001149c      0x20c ../lab1_software_bsp/\libhal_bsp.a(altera_avalon_jtag_uart_read.o)
                0x000000000001149c                altera_avalon_jtag_uart_read
 .text          0x00000000000116a8      0x218 ../lab1_software_bsp/\libhal_bsp.a(altera_avalon_jtag_uart_write.o)
                0x00000000000116a8                altera_avalon_jtag_uart_write
 .text          0x00000000000118c0       0xfc ../lab1_software_bsp/\libhal_bsp.a(altera_avalon_timer_sc.o)
                0x0000000000011934                alt_avalon_timer_sc_init
 .text          0x00000000000119bc      0x140 ../lab1_software_bsp/\libhal_bsp.a(alt_alarm_start.o)
                0x00000000000119bc                alt_alarm_start
 .text          0x0000000000011afc      0x128 ../lab1_software_bsp/\libhal_bsp.a(alt_close.o)
                0x0000000000011b4c                close
 .text          0x0000000000011c24       0x1c ../lab1_software_bsp/\libhal_bsp.a(alt_dcache_flush_all.o)
                0x0000000000011c24                alt_dcache_flush_all
 .text          0x0000000000011c40       0x2c ../lab1_software_bsp/\libhal_bsp.a(alt_dev.o)
 .text          0x0000000000011c6c       0xf4 ../lab1_software_bsp/\libhal_bsp.a(alt_dev_llist_insert.o)
                0x0000000000011cbc                alt_dev_llist_insert
 .text          0x0000000000011d60       0x5c ../lab1_software_bsp/\libhal_bsp.a(alt_do_ctors.o)
                0x0000000000011d60                _do_ctors
 .text          0x0000000000011dbc       0x5c ../lab1_software_bsp/\libhal_bsp.a(alt_do_dtors.o)
                0x0000000000011dbc                _do_dtors
 .text          0x0000000000011e18        0x0 ../lab1_software_bsp/\libhal_bsp.a(alt_errno.o)
 .text          0x0000000000011e18       0x1c ../lab1_software_bsp/\libhal_bsp.a(alt_icache_flush_all.o)
                0x0000000000011e18                alt_icache_flush_all
 .text          0x0000000000011e34      0x1e0 ../lab1_software_bsp/\libhal_bsp.a(alt_iic.o)
                0x0000000000011e34                alt_ic_isr_register
                0x0000000000011e84                alt_ic_irq_enable
                0x0000000000011f24                alt_ic_irq_disable
                0x0000000000011fc8                alt_ic_irq_enabled
 .text          0x0000000000012014       0xf0 ../lab1_software_bsp/\libhal_bsp.a(alt_iic_isr_register.o)
                0x0000000000012014                alt_iic_isr_register
 .text          0x0000000000012104      0x158 ../lab1_software_bsp/\libhal_bsp.a(alt_io_redirect.o)
                0x00000000000121e4                alt_io_redirect
 .text          0x000000000001225c        0x0 ../lab1_software_bsp/\libhal_bsp.a(alt_irq_entry.o)
 .text          0x000000000001225c        0x0 ../lab1_software_bsp/\libhal_bsp.a(alt_irq_handler.o)
 .text          0x000000000001225c        0x0 ../lab1_software_bsp/\libhal_bsp.a(alt_irq_vars.o)
 .text          0x000000000001225c      0x2a4 ../lab1_software_bsp/\libhal_bsp.a(alt_open.o)
                0x00000000000123a0                open
 .text          0x0000000000012500       0x80 ../lab1_software_bsp/\libhal_bsp.a(alt_release_fd.o)
                0x0000000000012500                alt_release_fd
 .text          0x0000000000012580      0x19c ../lab1_software_bsp/\libhal_bsp.a(alt_tick.o)
                0x0000000000012580                alt_alarm_stop
                0x0000000000012618                alt_tick
 .text          0x000000000001271c       0x20 ../lab1_software_bsp/\libhal_bsp.a(altera_nios2_gen2_irq.o)
                0x000000000001271c                altera_nios2_gen2_irq_init
 .text          0x000000000001273c        0x0 ../lab1_software_bsp/\libhal_bsp.a(alt_exception_entry.o)
 .text          0x000000000001273c       0x90 ../lab1_software_bsp/\libhal_bsp.a(alt_find_dev.o)
                0x000000000001273c                alt_find_dev
 .text          0x00000000000127cc      0x114 ../lab1_software_bsp/\libhal_bsp.a(alt_find_file.o)
                0x00000000000127cc                alt_find_file
 .text          0x00000000000128e0       0xd4 ../lab1_software_bsp/\libhal_bsp.a(alt_get_fd.o)
                0x00000000000128e0                alt_get_fd
 .text          0x00000000000129b4       0x9c ../lab1_software_bsp/\libhal_bsp.a(alt_instruction_exception_entry.o)
                0x00000000000129b4                alt_exception_cause_generated_bad_addr
 .text          0x0000000000012a50        0x0 c:/altera_lite/15.1/nios2eds/bin/gnu/h-x86_64-mingw32/bin/../lib/gcc/nios2-elf/4.9.2/../../../../../H-x86_64-mingw32/nios2-elf/lib/mno-hw-mul\libc.a(lib_a-atexit.o)
 .text.atexit   0x0000000000012a50       0x14 c:/altera_lite/15.1/nios2eds/bin/gnu/h-x86_64-mingw32/bin/../lib/gcc/nios2-elf/4.9.2/../../../../../H-x86_64-mingw32/nios2-elf/lib/mno-hw-mul\libc.a(lib_a-atexit.o)
                0x0000000000012a50                atexit
 .text          0x0000000000012a64        0x0 c:/altera_lite/15.1/nios2eds/bin/gnu/h-x86_64-mingw32/bin/../lib/gcc/nios2-elf/4.9.2/../../../../../H-x86_64-mingw32/nios2-elf/lib/mno-hw-mul\libc.a(lib_a-exit.o)
 .text.exit     0x0000000000012a64       0x38 c:/altera_lite/15.1/nios2eds/bin/gnu/h-x86_64-mingw32/bin/../lib/gcc/nios2-elf/4.9.2/../../../../../H-x86_64-mingw32/nios2-elf/lib/mno-hw-mul\libc.a(lib_a-exit.o)
                0x0000000000012a64                exit
 .text          0x0000000000012a9c        0x0 c:/altera_lite/15.1/nios2eds/bin/gnu/h-x86_64-mingw32/bin/../lib/gcc/nios2-elf/4.9.2/../../../../../H-x86_64-mingw32/nios2-elf/lib/mno-hw-mul\libc.a(lib_a-impure.o)
 .text          0x0000000000012a9c        0x0 c:/altera_lite/15.1/nios2eds/bin/gnu/h-x86_64-mingw32/bin/../lib/gcc/nios2-elf/4.9.2/../../../../../H-x86_64-mingw32/nios2-elf/lib/mno-hw-mul\libc.a(lib_a-int_errno.o)
 .text          0x0000000000012a9c        0x0 c:/altera_lite/15.1/nios2eds/bin/gnu/h-x86_64-mingw32/bin/../lib/gcc/nios2-elf/4.9.2/../../../../../H-x86_64-mingw32/nios2-elf/lib/mno-hw-mul\libc.a(lib_a-memcmp.o)
 .text.memcmp   0x0000000000012a9c       0x7c c:/altera_lite/15.1/nios2eds/bin/gnu/h-x86_64-mingw32/bin/../lib/gcc/nios2-elf/4.9.2/../../../../../H-x86_64-mingw32/nios2-elf/lib/mno-hw-mul\libc.a(lib_a-memcmp.o)
                0x0000000000012a9c                memcmp
 .text          0x0000000000012b18        0x0 c:/altera_lite/15.1/nios2eds/bin/gnu/h-x86_64-mingw32/bin/../lib/gcc/nios2-elf/4.9.2/../../../../../H-x86_64-mingw32/nios2-elf/lib/mno-hw-mul\libc.a(lib_a-memcpy.o)
 .text.memcpy   0x0000000000012b18      0x138 c:/altera_lite/15.1/nios2eds/bin/gnu/h-x86_64-mingw32/bin/../lib/gcc/nios2-elf/4.9.2/../../../../../H-x86_64-mingw32/nios2-elf/lib/mno-hw-mul\libc.a(lib_a-memcpy.o)
                0x0000000000012b18                memcpy
 .text          0x0000000000012c50        0x0 c:/altera_lite/15.1/nios2eds/bin/gnu/h-x86_64-mingw32/bin/../lib/gcc/nios2-elf/4.9.2/../../../../../H-x86_64-mingw32/nios2-elf/lib/mno-hw-mul\libc.a(lib_a-strlen.o)
 .text.strlen   0x0000000000012c50       0x98 c:/altera_lite/15.1/nios2eds/bin/gnu/h-x86_64-mingw32/bin/../lib/gcc/nios2-elf/4.9.2/../../../../../H-x86_64-mingw32/nios2-elf/lib/mno-hw-mul\libc.a(lib_a-strlen.o)
                0x0000000000012c50                strlen
 .text          0x0000000000012ce8        0x0 c:/altera_lite/15.1/nios2eds/bin/gnu/h-x86_64-mingw32/bin/../lib/gcc/nios2-elf/4.9.2/../../../../../H-x86_64-mingw32/nios2-elf/lib/mno-hw-mul\libc.a(lib_a-__atexit.o)
 .text.__register_exitproc
                0x0000000000012ce8      0x114 c:/altera_lite/15.1/nios2eds/bin/gnu/h-x86_64-mingw32/bin/../lib/gcc/nios2-elf/4.9.2/../../../../../H-x86_64-mingw32/nios2-elf/lib/mno-hw-mul\libc.a(lib_a-__atexit.o)
                0x0000000000012ce8                __register_exitproc
 .text          0x0000000000012dfc        0x0 c:/altera_lite/15.1/nios2eds/bin/gnu/h-x86_64-mingw32/bin/../lib/gcc/nios2-elf/4.9.2/../../../../../H-x86_64-mingw32/nios2-elf/lib/mno-hw-mul\libc.a(lib_a-__call_atexit.o)
 .text.__call_exitprocs
                0x0000000000012dfc      0x194 c:/altera_lite/15.1/nios2eds/bin/gnu/h-x86_64-mingw32/bin/../lib/gcc/nios2-elf/4.9.2/../../../../../H-x86_64-mingw32/nios2-elf/lib/mno-hw-mul\libc.a(lib_a-__call_atexit.o)
                0x0000000000012dfc                __call_exitprocs
 .text          0x0000000000012f90       0x34 ../lab1_software_bsp/\libhal_bsp.a(alt_exit.o)
                0x0000000000012f90                _exit
 *(.gnu.warning.*)
 *(.fini)
                0x0000000000012fc4                PROVIDE (__etext, ABSOLUTE (.))
                0x0000000000012fc4                PROVIDE (_etext, ABSOLUTE (.))
                0x0000000000012fc4                PROVIDE (etext, ABSOLUTE (.))
 *(.eh_frame_hdr)
                0x0000000000012fc4                . = ALIGN (0x4)
                0x0000000000012fc4                PROVIDE (__preinit_array_start, ABSOLUTE (.))
 *(.preinit_array)
                0x0000000000012fc4                PROVIDE (__preinit_array_end, ABSOLUTE (.))
                0x0000000000012fc4                PROVIDE (__init_array_start, ABSOLUTE (.))
 *(.init_array)
                0x0000000000012fc4                PROVIDE (__init_array_end, ABSOLUTE (.))
                0x0000000000012fc4                PROVIDE (__fini_array_start, ABSOLUTE (.))
 *(.fini_array)
                0x0000000000012fc4                PROVIDE (__fini_array_end, ABSOLUTE (.))
 *(.eh_frame)
 *(.gcc_except_table .gcc_except_table.*)
 *(.dynamic)
                0x0000000000012fc4                PROVIDE (__CTOR_LIST__, ABSOLUTE (.))
 *(.ctors)
 *(SORT(.ctors.*))
                0x0000000000012fc4                PROVIDE (__CTOR_END__, ABSOLUTE (.))
                0x0000000000012fc4                PROVIDE (__DTOR_LIST__, ABSOLUTE (.))
 *(.dtors)
 *(SORT(.dtors.*))
                0x0000000000012fc4                PROVIDE (__DTOR_END__, ABSOLUTE (.))
 *(.jcr)
                0x0000000000012fc4                . = ALIGN (0x4)

.rodata         0x0000000000012fc4       0x50
                0x0000000000012fc4                PROVIDE (__ram_rodata_start, ABSOLUTE (.))
                0x0000000000012fc4                . = ALIGN (0x4)
 *(.rodata .rodata.* .gnu.linkonce.r.*)
 .rodata        0x0000000000012fc4       0x18 obj/default/main.o
 .rodata        0x0000000000012fdc       0x14 ../lab1_software_bsp/\libhal_bsp.a(alt_main.o)
 .rodata        0x0000000000012ff0       0x14 ../lab1_software_bsp/\libhal_bsp.a(alt_sys_init.o)
 .rodata        0x0000000000013004        0xc ../lab1_software_bsp/\libhal_bsp.a(alt_dev.o)
 .rodata.str1.4
                0x0000000000013010        0x4 c:/altera_lite/15.1/nios2eds/bin/gnu/h-x86_64-mingw32/bin/../lib/gcc/nios2-elf/4.9.2/../../../../../H-x86_64-mingw32/nios2-elf/lib/mno-hw-mul\libc.a(lib_a-impure.o)
 *(.rodata1)
                0x0000000000013014                . = ALIGN (0x4)
                0x0000000000013014                PROVIDE (__ram_rodata_end, ABSOLUTE (.))
                0x0000000000012fc4                PROVIDE (__flash_rodata_start, LOADADDR (.rodata))

.rwdata         0x0000000000013014     0x165c load address 0x0000000000014670
                0x0000000000013014                PROVIDE (__ram_rwdata_start, ABSOLUTE (.))
                0x0000000000013014                . = ALIGN (0x4)
 *(.got.plt)
 *(.got)
 *(.data1)
 *(.data .data.* .gnu.linkonce.d.*)
 .data          0x0000000000013014        0x0 ../lab1_software_bsp//obj/HAL/src/crt0.o
 .data          0x0000000000013014        0x0 obj/default/main.o
 .data          0x0000000000013014        0x0 c:/altera_lite/15.1/nios2eds/bin/gnu/h-x86_64-mingw32/bin/../lib/gcc/nios2-elf/4.9.2/mno-hw-mul\libgcc.a(lib2-divmod.o)
 .data          0x0000000000013014        0x0 c:/altera_lite/15.1/nios2eds/bin/gnu/h-x86_64-mingw32/bin/../lib/gcc/nios2-elf/4.9.2/mno-hw-mul\libgcc.a(lib2-mul.o)
 .data          0x0000000000013014        0x0 ../lab1_software_bsp/\libhal_bsp.a(alt_load.o)
 .data          0x0000000000013014        0x0 ../lab1_software_bsp/\libhal_bsp.a(alt_main.o)
 .data          0x0000000000013014     0x1060 ../lab1_software_bsp/\libhal_bsp.a(alt_sys_init.o)
 .data          0x0000000000014074        0x0 ../lab1_software_bsp/\libhal_bsp.a(altera_avalon_jtag_uart_fd.o)
 .data          0x0000000000014074        0x0 ../lab1_software_bsp/\libhal_bsp.a(altera_avalon_jtag_uart_init.o)
 .data          0x0000000000014074        0x0 ../lab1_software_bsp/\libhal_bsp.a(altera_avalon_jtag_uart_ioctl.o)
 .data          0x0000000000014074        0x0 ../lab1_software_bsp/\libhal_bsp.a(altera_avalon_jtag_uart_read.o)
 .data          0x0000000000014074        0x0 ../lab1_software_bsp/\libhal_bsp.a(altera_avalon_jtag_uart_write.o)
 .data          0x0000000000014074        0x0 ../lab1_software_bsp/\libhal_bsp.a(altera_avalon_timer_sc.o)
 .data          0x0000000000014074        0x0 ../lab1_software_bsp/\libhal_bsp.a(alt_alarm_start.o)
 .data          0x0000000000014074        0x0 ../lab1_software_bsp/\libhal_bsp.a(alt_close.o)
 .data          0x0000000000014074        0x0 ../lab1_software_bsp/\libhal_bsp.a(alt_dcache_flush_all.o)
 .data          0x0000000000014074      0x1a8 ../lab1_software_bsp/\libhal_bsp.a(alt_dev.o)
                0x0000000000014074                alt_dev_null
                0x000000000001409c                alt_fd_list
 .data          0x000000000001421c        0x0 ../lab1_software_bsp/\libhal_bsp.a(alt_dev_llist_insert.o)
 .data          0x000000000001421c        0x0 ../lab1_software_bsp/\libhal_bsp.a(alt_do_ctors.o)
 .data          0x000000000001421c        0x0 ../lab1_software_bsp/\libhal_bsp.a(alt_do_dtors.o)
 .data          0x000000000001421c        0x0 ../lab1_software_bsp/\libhal_bsp.a(alt_errno.o)
 .data          0x000000000001421c        0x0 ../lab1_software_bsp/\libhal_bsp.a(alt_icache_flush_all.o)
 .data          0x000000000001421c        0x0 ../lab1_software_bsp/\libhal_bsp.a(alt_iic.o)
 .data          0x000000000001421c        0x0 ../lab1_software_bsp/\libhal_bsp.a(alt_iic_isr_register.o)
 .data          0x000000000001421c        0x0 ../lab1_software_bsp/\libhal_bsp.a(alt_io_redirect.o)
 .data          0x000000000001421c        0x0 ../lab1_software_bsp/\libhal_bsp.a(alt_irq_entry.o)
 .data          0x000000000001421c        0x0 ../lab1_software_bsp/\libhal_bsp.a(alt_irq_handler.o)
 .data          0x000000000001421c        0x0 ../lab1_software_bsp/\libhal_bsp.a(alt_irq_vars.o)
 .data          0x000000000001421c        0x0 ../lab1_software_bsp/\libhal_bsp.a(alt_open.o)
 .data          0x000000000001421c        0x0 ../lab1_software_bsp/\libhal_bsp.a(alt_release_fd.o)
 .data          0x000000000001421c        0x0 ../lab1_software_bsp/\libhal_bsp.a(alt_tick.o)
 .data          0x000000000001421c        0x0 ../lab1_software_bsp/\libhal_bsp.a(altera_nios2_gen2_irq.o)
 .data          0x000000000001421c        0x0 ../lab1_software_bsp/\libhal_bsp.a(alt_exception_entry.o)
 .data          0x000000000001421c        0x0 ../lab1_software_bsp/\libhal_bsp.a(alt_find_dev.o)
 .data          0x000000000001421c        0x0 ../lab1_software_bsp/\libhal_bsp.a(alt_find_file.o)
 .data          0x000000000001421c        0x0 ../lab1_software_bsp/\libhal_bsp.a(alt_get_fd.o)
 .data          0x000000000001421c        0x0 ../lab1_software_bsp/\libhal_bsp.a(alt_instruction_exception_entry.o)
 .data          0x000000000001421c        0x0 c:/altera_lite/15.1/nios2eds/bin/gnu/h-x86_64-mingw32/bin/../lib/gcc/nios2-elf/4.9.2/../../../../../H-x86_64-mingw32/nios2-elf/lib/mno-hw-mul\libc.a(lib_a-atexit.o)
 .data          0x000000000001421c        0x0 c:/altera_lite/15.1/nios2eds/bin/gnu/h-x86_64-mingw32/bin/../lib/gcc/nios2-elf/4.9.2/../../../../../H-x86_64-mingw32/nios2-elf/lib/mno-hw-mul\libc.a(lib_a-exit.o)
 .data          0x000000000001421c        0x0 c:/altera_lite/15.1/nios2eds/bin/gnu/h-x86_64-mingw32/bin/../lib/gcc/nios2-elf/4.9.2/../../../../../H-x86_64-mingw32/nios2-elf/lib/mno-hw-mul\libc.a(lib_a-impure.o)
 .data.impure_data
                0x000000000001421c      0x424 c:/altera_lite/15.1/nios2eds/bin/gnu/h-x86_64-mingw32/bin/../lib/gcc/nios2-elf/4.9.2/../../../../../H-x86_64-mingw32/nios2-elf/lib/mno-hw-mul\libc.a(lib_a-impure.o)
 .data          0x0000000000014640        0x0 c:/altera_lite/15.1/nios2eds/bin/gnu/h-x86_64-mingw32/bin/../lib/gcc/nios2-elf/4.9.2/../../../../../H-x86_64-mingw32/nios2-elf/lib/mno-hw-mul\libc.a(lib_a-int_errno.o)
 .data          0x0000000000014640        0x0 c:/altera_lite/15.1/nios2eds/bin/gnu/h-x86_64-mingw32/bin/../lib/gcc/nios2-elf/4.9.2/../../../../../H-x86_64-mingw32/nios2-elf/lib/mno-hw-mul\libc.a(lib_a-memcmp.o)
 .data          0x0000000000014640        0x0 c:/altera_lite/15.1/nios2eds/bin/gnu/h-x86_64-mingw32/bin/../lib/gcc/nios2-elf/4.9.2/../../../../../H-x86_64-mingw32/nios2-elf/lib/mno-hw-mul\libc.a(lib_a-memcpy.o)
 .data          0x0000000000014640        0x0 c:/altera_lite/15.1/nios2eds/bin/gnu/h-x86_64-mingw32/bin/../lib/gcc/nios2-elf/4.9.2/../../../../../H-x86_64-mingw32/nios2-elf/lib/mno-hw-mul\libc.a(lib_a-strlen.o)
 .data          0x0000000000014640        0x0 c:/altera_lite/15.1/nios2eds/bin/gnu/h-x86_64-mingw32/bin/../lib/gcc/nios2-elf/4.9.2/../../../../../H-x86_64-mingw32/nios2-elf/lib/mno-hw-mul\libc.a(lib_a-__atexit.o)
 .data          0x0000000000014640        0x0 c:/altera_lite/15.1/nios2eds/bin/gnu/h-x86_64-mingw32/bin/../lib/gcc/nios2-elf/4.9.2/../../../../../H-x86_64-mingw32/nios2-elf/lib/mno-hw-mul\libc.a(lib_a-__call_atexit.o)
 .data          0x0000000000014640        0x0 ../lab1_software_bsp/\libhal_bsp.a(alt_exit.o)
                0x000000000001c640                _gp = ABSOLUTE ((. + 0x8000))
                0x000000000001c640                PROVIDE (gp, _gp)
 *(.rwdata .rwdata.*)
 *(.sdata .sdata.* .gnu.linkonce.s.*)
 .sdata         0x0000000000014640        0x2 obj/default/main.o
 *fill*         0x0000000000014642        0x2 
 .sdata         0x0000000000014644       0x14 ../lab1_software_bsp/\libhal_bsp.a(alt_dev.o)
                0x0000000000014644                alt_fs_list
                0x000000000001464c                alt_dev_list
                0x0000000000014654                alt_max_fd
 .sdata         0x0000000000014658        0x4 ../lab1_software_bsp/\libhal_bsp.a(alt_errno.o)
                0x0000000000014658                alt_errno
 .sdata         0x000000000001465c        0x4 ../lab1_software_bsp/\libhal_bsp.a(alt_irq_vars.o)
                0x000000000001465c                alt_priority_mask
 .sdata         0x0000000000014660        0x8 ../lab1_software_bsp/\libhal_bsp.a(alt_tick.o)
                0x0000000000014660                alt_alarm_list
 .sdata._global_impure_ptr
                0x0000000000014668        0x4 c:/altera_lite/15.1/nios2eds/bin/gnu/h-x86_64-mingw32/bin/../lib/gcc/nios2-elf/4.9.2/../../../../../H-x86_64-mingw32/nios2-elf/lib/mno-hw-mul\libc.a(lib_a-impure.o)
                0x0000000000014668                _global_impure_ptr
 .sdata._impure_ptr
                0x000000000001466c        0x4 c:/altera_lite/15.1/nios2eds/bin/gnu/h-x86_64-mingw32/bin/../lib/gcc/nios2-elf/4.9.2/../../../../../H-x86_64-mingw32/nios2-elf/lib/mno-hw-mul\libc.a(lib_a-impure.o)
                0x000000000001466c                _impure_ptr
 *(.sdata2 .sdata2.* .gnu.linkonce.s2.*)
                0x0000000000014670                . = ALIGN (0x4)
                0x0000000000014670                _edata = ABSOLUTE (.)
                0x0000000000014670                PROVIDE (edata, ABSOLUTE (.))
                0x0000000000014670                PROVIDE (__ram_rwdata_end, ABSOLUTE (.))
                0x0000000000014670                PROVIDE (__flash_rwdata_start, LOADADDR (.rwdata))

.bss            0x0000000000015ccc      0x120
                0x0000000000015ccc                __bss_start = ABSOLUTE (.)
                0x0000000000015ccc                PROVIDE (__sbss_start, ABSOLUTE (.))
                0x0000000000015ccc                PROVIDE (___sbss_start, ABSOLUTE (.))
 *(.dynsbss)
 *(.sbss .sbss.* .gnu.linkonce.sb.*)
 .sbss          0x0000000000015ccc        0xc ../lab1_software_bsp/\libhal_bsp.a(alt_main.o)
                0x0000000000015ccc                alt_argc
                0x0000000000015cd0                alt_argv
                0x0000000000015cd4                alt_envp
 .sbss          0x0000000000015cd8        0x4 ../lab1_software_bsp/\libhal_bsp.a(alt_irq_vars.o)
                0x0000000000015cd8                alt_irq_active
 .sbss          0x0000000000015cdc        0x8 ../lab1_software_bsp/\libhal_bsp.a(alt_tick.o)
                0x0000000000015cdc                _alt_tick_rate
                0x0000000000015ce0                _alt_nticks
 .sbss          0x0000000000015ce4        0x4 ../lab1_software_bsp/\libhal_bsp.a(alt_instruction_exception_entry.o)
                0x0000000000015ce4                alt_instruction_exception_handler
 .sbss          0x0000000000015ce8        0x4 c:/altera_lite/15.1/nios2eds/bin/gnu/h-x86_64-mingw32/bin/../lib/gcc/nios2-elf/4.9.2/../../../../../H-x86_64-mingw32/nios2-elf/lib/mno-hw-mul\libc.a(lib_a-int_errno.o)
                0x0000000000015ce8                errno
 *(.sbss2 .sbss2.* .gnu.linkonce.sb2.*)
 *(.scommon)
                0x0000000000015cec                PROVIDE (__sbss_end, ABSOLUTE (.))
                0x0000000000015cec                PROVIDE (___sbss_end, ABSOLUTE (.))
 *(.dynbss)
 *(.bss .bss.* .gnu.linkonce.b.*)
 .bss           0x0000000000015cec        0x0 ../lab1_software_bsp//obj/HAL/src/crt0.o
 .bss           0x0000000000015cec        0x0 obj/default/main.o
 .bss           0x0000000000015cec        0x0 c:/altera_lite/15.1/nios2eds/bin/gnu/h-x86_64-mingw32/bin/../lib/gcc/nios2-elf/4.9.2/mno-hw-mul\libgcc.a(lib2-divmod.o)
 .bss           0x0000000000015cec        0x0 c:/altera_lite/15.1/nios2eds/bin/gnu/h-x86_64-mingw32/bin/../lib/gcc/nios2-elf/4.9.2/mno-hw-mul\libgcc.a(lib2-mul.o)
 .bss           0x0000000000015cec        0x0 ../lab1_software_bsp/\libhal_bsp.a(alt_load.o)
 .bss           0x0000000000015cec        0x0 ../lab1_software_bsp/\libhal_bsp.a(alt_main.o)
 .bss           0x0000000000015cec        0x0 ../lab1_software_bsp/\libhal_bsp.a(alt_sys_init.o)
 .bss           0x0000000000015cec        0x0 ../lab1_software_bsp/\libhal_bsp.a(altera_avalon_jtag_uart_fd.o)
 .bss           0x0000000000015cec        0x0 ../lab1_software_bsp/\libhal_bsp.a(altera_avalon_jtag_uart_init.o)
 .bss           0x0000000000015cec        0x0 ../lab1_software_bsp/\libhal_bsp.a(altera_avalon_jtag_uart_ioctl.o)
 .bss           0x0000000000015cec        0x0 ../lab1_software_bsp/\libhal_bsp.a(altera_avalon_jtag_uart_read.o)
 .bss           0x0000000000015cec        0x0 ../lab1_software_bsp/\libhal_bsp.a(altera_avalon_jtag_uart_write.o)
 .bss           0x0000000000015cec        0x0 ../lab1_software_bsp/\libhal_bsp.a(altera_avalon_timer_sc.o)
 .bss           0x0000000000015cec        0x0 ../lab1_software_bsp/\libhal_bsp.a(alt_alarm_start.o)
 .bss           0x0000000000015cec        0x0 ../lab1_software_bsp/\libhal_bsp.a(alt_close.o)
 .bss           0x0000000000015cec        0x0 ../lab1_software_bsp/\libhal_bsp.a(alt_dcache_flush_all.o)
 .bss           0x0000000000015cec        0x0 ../lab1_software_bsp/\libhal_bsp.a(alt_dev.o)
 .bss           0x0000000000015cec        0x0 ../lab1_software_bsp/\libhal_bsp.a(alt_dev_llist_insert.o)
 .bss           0x0000000000015cec        0x0 ../lab1_software_bsp/\libhal_bsp.a(alt_do_ctors.o)
 .bss           0x0000000000015cec        0x0 ../lab1_software_bsp/\libhal_bsp.a(alt_do_dtors.o)
 .bss           0x0000000000015cec        0x0 ../lab1_software_bsp/\libhal_bsp.a(alt_errno.o)
 .bss           0x0000000000015cec        0x0 ../lab1_software_bsp/\libhal_bsp.a(alt_icache_flush_all.o)
 .bss           0x0000000000015cec        0x0 ../lab1_software_bsp/\libhal_bsp.a(alt_iic.o)
 .bss           0x0000000000015cec        0x0 ../lab1_software_bsp/\libhal_bsp.a(alt_iic_isr_register.o)
 .bss           0x0000000000015cec        0x0 ../lab1_software_bsp/\libhal_bsp.a(alt_io_redirect.o)
 .bss           0x0000000000015cec        0x0 ../lab1_software_bsp/\libhal_bsp.a(alt_irq_entry.o)
 .bss           0x0000000000015cec        0x0 ../lab1_software_bsp/\libhal_bsp.a(alt_irq_handler.o)
 .bss           0x0000000000015cec        0x0 ../lab1_software_bsp/\libhal_bsp.a(alt_irq_vars.o)
 .bss           0x0000000000015cec        0x0 ../lab1_software_bsp/\libhal_bsp.a(alt_open.o)
 .bss           0x0000000000015cec        0x0 ../lab1_software_bsp/\libhal_bsp.a(alt_release_fd.o)
 .bss           0x0000000000015cec        0x0 ../lab1_software_bsp/\libhal_bsp.a(alt_tick.o)
 .bss           0x0000000000015cec        0x0 ../lab1_software_bsp/\libhal_bsp.a(altera_nios2_gen2_irq.o)
 .bss           0x0000000000015cec        0x0 ../lab1_software_bsp/\libhal_bsp.a(alt_exception_entry.o)
 .bss           0x0000000000015cec        0x0 ../lab1_software_bsp/\libhal_bsp.a(alt_find_dev.o)
 .bss           0x0000000000015cec        0x0 ../lab1_software_bsp/\libhal_bsp.a(alt_find_file.o)
 .bss           0x0000000000015cec        0x0 ../lab1_software_bsp/\libhal_bsp.a(alt_get_fd.o)
 .bss           0x0000000000015cec        0x0 ../lab1_software_bsp/\libhal_bsp.a(alt_instruction_exception_entry.o)
 .bss           0x0000000000015cec        0x0 c:/altera_lite/15.1/nios2eds/bin/gnu/h-x86_64-mingw32/bin/../lib/gcc/nios2-elf/4.9.2/../../../../../H-x86_64-mingw32/nios2-elf/lib/mno-hw-mul\libc.a(lib_a-atexit.o)
 .bss           0x0000000000015cec        0x0 c:/altera_lite/15.1/nios2eds/bin/gnu/h-x86_64-mingw32/bin/../lib/gcc/nios2-elf/4.9.2/../../../../../H-x86_64-mingw32/nios2-elf/lib/mno-hw-mul\libc.a(lib_a-exit.o)
 .bss           0x0000000000015cec        0x0 c:/altera_lite/15.1/nios2eds/bin/gnu/h-x86_64-mingw32/bin/../lib/gcc/nios2-elf/4.9.2/../../../../../H-x86_64-mingw32/nios2-elf/lib/mno-hw-mul\libc.a(lib_a-impure.o)
 .bss           0x0000000000015cec        0x0 c:/altera_lite/15.1/nios2eds/bin/gnu/h-x86_64-mingw32/bin/../lib/gcc/nios2-elf/4.9.2/../../../../../H-x86_64-mingw32/nios2-elf/lib/mno-hw-mul\libc.a(lib_a-int_errno.o)
 .bss           0x0000000000015cec        0x0 c:/altera_lite/15.1/nios2eds/bin/gnu/h-x86_64-mingw32/bin/../lib/gcc/nios2-elf/4.9.2/../../../../../H-x86_64-mingw32/nios2-elf/lib/mno-hw-mul\libc.a(lib_a-memcmp.o)
 .bss           0x0000000000015cec        0x0 c:/altera_lite/15.1/nios2eds/bin/gnu/h-x86_64-mingw32/bin/../lib/gcc/nios2-elf/4.9.2/../../../../../H-x86_64-mingw32/nios2-elf/lib/mno-hw-mul\libc.a(lib_a-memcpy.o)
 .bss           0x0000000000015cec        0x0 c:/altera_lite/15.1/nios2eds/bin/gnu/h-x86_64-mingw32/bin/../lib/gcc/nios2-elf/4.9.2/../../../../../H-x86_64-mingw32/nios2-elf/lib/mno-hw-mul\libc.a(lib_a-strlen.o)
 .bss           0x0000000000015cec        0x0 c:/altera_lite/15.1/nios2eds/bin/gnu/h-x86_64-mingw32/bin/../lib/gcc/nios2-elf/4.9.2/../../../../../H-x86_64-mingw32/nios2-elf/lib/mno-hw-mul\libc.a(lib_a-__atexit.o)
 .bss           0x0000000000015cec        0x0 c:/altera_lite/15.1/nios2eds/bin/gnu/h-x86_64-mingw32/bin/../lib/gcc/nios2-elf/4.9.2/../../../../../H-x86_64-mingw32/nios2-elf/lib/mno-hw-mul\libc.a(lib_a-__call_atexit.o)
 .bss           0x0000000000015cec        0x0 ../lab1_software_bsp/\libhal_bsp.a(alt_exit.o)
 *(COMMON)
 COMMON         0x0000000000015cec      0x100 ../lab1_software_bsp/\libhal_bsp.a(alt_irq_handler.o)
                0x0000000000015cec                alt_irq
                0x0000000000015dec                . = ALIGN (0x4)
                0x0000000000015dec                __bss_end = ABSOLUTE (.)

.onchip_mem     0x0000000000015dec        0x0
                0x0000000000015dec                PROVIDE (_alt_partition_onchip_mem_start, ABSOLUTE (.))
 *(.onchip_mem .onchip_mem. onchip_mem.*)
                0x0000000000015dec                . = ALIGN (0x4)
                0x0000000000015dec                PROVIDE (_alt_partition_onchip_mem_end, ABSOLUTE (.))
                0x0000000000015dec                _end = ABSOLUTE (.)
                0x0000000000015dec                end = ABSOLUTE (.)
                0x0000000000015dec                __alt_stack_base = ABSOLUTE (.)
                0x0000000000015dec                PROVIDE (_alt_partition_onchip_mem_load_addr, LOADADDR (.onchip_mem))

.stab
 *(.stab)

.stabstr
 *(.stabstr)

.stab.excl
 *(.stab.excl)

.stab.exclstr
 *(.stab.exclstr)

.stab.index
 *(.stab.index)

.stab.indexstr
 *(.stab.indexstr)

.comment        0x0000000000000000       0x23
 *(.comment)
 .comment       0x0000000000000000       0x23 obj/default/main.o
                                         0x24 (size before relaxing)
 .comment       0x0000000000000000       0x24 c:/altera_lite/15.1/nios2eds/bin/gnu/h-x86_64-mingw32/bin/../lib/gcc/nios2-elf/4.9.2/mno-hw-mul\libgcc.a(lib2-divmod.o)
 .comment       0x0000000000000000       0x24 c:/altera_lite/15.1/nios2eds/bin/gnu/h-x86_64-mingw32/bin/../lib/gcc/nios2-elf/4.9.2/mno-hw-mul\libgcc.a(lib2-mul.o)
 .comment       0x0000000000000000       0x24 ../lab1_software_bsp/\libhal_bsp.a(alt_load.o)
 .comment       0x0000000000000000       0x24 ../lab1_software_bsp/\libhal_bsp.a(alt_main.o)
 .comment       0x0000000000000000       0x24 ../lab1_software_bsp/\libhal_bsp.a(alt_sys_init.o)
 .comment       0x0000000000000000       0x24 ../lab1_software_bsp/\libhal_bsp.a(altera_avalon_jtag_uart_fd.o)
 .comment       0x0000000000000000       0x24 ../lab1_software_bsp/\libhal_bsp.a(altera_avalon_jtag_uart_init.o)
 .comment       0x0000000000000000       0x24 ../lab1_software_bsp/\libhal_bsp.a(altera_avalon_jtag_uart_ioctl.o)
 .comment       0x0000000000000000       0x24 ../lab1_software_bsp/\libhal_bsp.a(altera_avalon_jtag_uart_read.o)
 .comment       0x0000000000000000       0x24 ../lab1_software_bsp/\libhal_bsp.a(altera_avalon_jtag_uart_write.o)
 .comment       0x0000000000000000       0x24 ../lab1_software_bsp/\libhal_bsp.a(altera_avalon_timer_sc.o)
 .comment       0x0000000000000000       0x24 ../lab1_software_bsp/\libhal_bsp.a(alt_alarm_start.o)
 .comment       0x0000000000000000       0x24 ../lab1_software_bsp/\libhal_bsp.a(alt_close.o)
 .comment       0x0000000000000000       0x24 ../lab1_software_bsp/\libhal_bsp.a(alt_dcache_flush_all.o)
 .comment       0x0000000000000000       0x24 ../lab1_software_bsp/\libhal_bsp.a(alt_dev.o)
 .comment       0x0000000000000000       0x24 ../lab1_software_bsp/\libhal_bsp.a(alt_dev_llist_insert.o)
 .comment       0x0000000000000000       0x24 ../lab1_software_bsp/\libhal_bsp.a(alt_do_ctors.o)
 .comment       0x0000000000000000       0x24 ../lab1_software_bsp/\libhal_bsp.a(alt_do_dtors.o)
 .comment       0x0000000000000000       0x24 ../lab1_software_bsp/\libhal_bsp.a(alt_errno.o)
 .comment       0x0000000000000000       0x24 ../lab1_software_bsp/\libhal_bsp.a(alt_icache_flush_all.o)
 .comment       0x0000000000000000       0x24 ../lab1_software_bsp/\libhal_bsp.a(alt_iic.o)
 .comment       0x0000000000000000       0x24 ../lab1_software_bsp/\libhal_bsp.a(alt_iic_isr_register.o)
 .comment       0x0000000000000000       0x24 ../lab1_software_bsp/\libhal_bsp.a(alt_io_redirect.o)
 .comment       0x0000000000000000       0x24 ../lab1_software_bsp/\libhal_bsp.a(alt_irq_handler.o)
 .comment       0x0000000000000000       0x24 ../lab1_software_bsp/\libhal_bsp.a(alt_irq_vars.o)
 .comment       0x0000000000000000       0x24 ../lab1_software_bsp/\libhal_bsp.a(alt_open.o)
 .comment       0x0000000000000000       0x24 ../lab1_software_bsp/\libhal_bsp.a(alt_release_fd.o)
 .comment       0x0000000000000000       0x24 ../lab1_software_bsp/\libhal_bsp.a(alt_tick.o)
 .comment       0x0000000000000000       0x24 ../lab1_software_bsp/\libhal_bsp.a(altera_nios2_gen2_irq.o)
 .comment       0x0000000000000000       0x24 ../lab1_software_bsp/\libhal_bsp.a(alt_find_dev.o)
 .comment       0x0000000000000000       0x24 ../lab1_software_bsp/\libhal_bsp.a(alt_find_file.o)
 .comment       0x0000000000000000       0x24 ../lab1_software_bsp/\libhal_bsp.a(alt_get_fd.o)
 .comment       0x0000000000000000       0x24 ../lab1_software_bsp/\libhal_bsp.a(alt_instruction_exception_entry.o)
 .comment       0x0000000000000000       0x24 c:/altera_lite/15.1/nios2eds/bin/gnu/h-x86_64-mingw32/bin/../lib/gcc/nios2-elf/4.9.2/../../../../../H-x86_64-mingw32/nios2-elf/lib/mno-hw-mul\libc.a(lib_a-atexit.o)
 .comment       0x0000000000000000       0x24 c:/altera_lite/15.1/nios2eds/bin/gnu/h-x86_64-mingw32/bin/../lib/gcc/nios2-elf/4.9.2/../../../../../H-x86_64-mingw32/nios2-elf/lib/mno-hw-mul\libc.a(lib_a-exit.o)
 .comment       0x0000000000000000       0x24 c:/altera_lite/15.1/nios2eds/bin/gnu/h-x86_64-mingw32/bin/../lib/gcc/nios2-elf/4.9.2/../../../../../H-x86_64-mingw32/nios2-elf/lib/mno-hw-mul\libc.a(lib_a-impure.o)
 .comment       0x0000000000000000       0x24 c:/altera_lite/15.1/nios2eds/bin/gnu/h-x86_64-mingw32/bin/../lib/gcc/nios2-elf/4.9.2/../../../../../H-x86_64-mingw32/nios2-elf/lib/mno-hw-mul\libc.a(lib_a-int_errno.o)
 .comment       0x0000000000000000       0x24 c:/altera_lite/15.1/nios2eds/bin/gnu/h-x86_64-mingw32/bin/../lib/gcc/nios2-elf/4.9.2/../../../../../H-x86_64-mingw32/nios2-elf/lib/mno-hw-mul\libc.a(lib_a-memcmp.o)
 .comment       0x0000000000000000       0x24 c:/altera_lite/15.1/nios2eds/bin/gnu/h-x86_64-mingw32/bin/../lib/gcc/nios2-elf/4.9.2/../../../../../H-x86_64-mingw32/nios2-elf/lib/mno-hw-mul\libc.a(lib_a-memcpy.o)
 .comment       0x0000000000000000       0x24 c:/altera_lite/15.1/nios2eds/bin/gnu/h-x86_64-mingw32/bin/../lib/gcc/nios2-elf/4.9.2/../../../../../H-x86_64-mingw32/nios2-elf/lib/mno-hw-mul\libc.a(lib_a-strlen.o)
 .comment       0x0000000000000000       0x24 c:/altera_lite/15.1/nios2eds/bin/gnu/h-x86_64-mingw32/bin/../lib/gcc/nios2-elf/4.9.2/../../../../../H-x86_64-mingw32/nios2-elf/lib/mno-hw-mul\libc.a(lib_a-__atexit.o)
 .comment       0x0000000000000000       0x24 c:/altera_lite/15.1/nios2eds/bin/gnu/h-x86_64-mingw32/bin/../lib/gcc/nios2-elf/4.9.2/../../../../../H-x86_64-mingw32/nios2-elf/lib/mno-hw-mul\libc.a(lib_a-__call_atexit.o)
 .comment       0x0000000000000000       0x24 ../lab1_software_bsp/\libhal_bsp.a(alt_exit.o)

.debug
 *(.debug)

.line
 *(.line)

.debug_srcinfo
 *(.debug_srcinfo)

.debug_sfnames
 *(.debug_sfnames)

.debug_aranges  0x0000000000000000      0x5f8
 *(.debug_aranges)
 .debug_aranges
                0x0000000000000000       0x28 ../lab1_software_bsp//obj/HAL/src/crt0.o
 .debug_aranges
                0x0000000000000028       0x20 obj/default/main.o
 .debug_aranges
                0x0000000000000048       0x20 c:/altera_lite/15.1/nios2eds/bin/gnu/h-x86_64-mingw32/bin/../lib/gcc/nios2-elf/4.9.2/mno-hw-mul\libgcc.a(lib2-divmod.o)
 .debug_aranges
                0x0000000000000068       0x20 c:/altera_lite/15.1/nios2eds/bin/gnu/h-x86_64-mingw32/bin/../lib/gcc/nios2-elf/4.9.2/mno-hw-mul\libgcc.a(lib2-mul.o)
 .debug_aranges
                0x0000000000000088       0x20 ../lab1_software_bsp/\libhal_bsp.a(alt_load.o)
 .debug_aranges
                0x00000000000000a8       0x20 ../lab1_software_bsp/\libhal_bsp.a(alt_main.o)
 .debug_aranges
                0x00000000000000c8       0x20 ../lab1_software_bsp/\libhal_bsp.a(alt_sys_init.o)
 .debug_aranges
                0x00000000000000e8       0x20 ../lab1_software_bsp/\libhal_bsp.a(altera_avalon_jtag_uart_fd.o)
 .debug_aranges
                0x0000000000000108       0x20 ../lab1_software_bsp/\libhal_bsp.a(altera_avalon_jtag_uart_init.o)
 .debug_aranges
                0x0000000000000128       0x20 ../lab1_software_bsp/\libhal_bsp.a(altera_avalon_jtag_uart_ioctl.o)
 .debug_aranges
                0x0000000000000148       0x20 ../lab1_software_bsp/\libhal_bsp.a(altera_avalon_jtag_uart_read.o)
 .debug_aranges
                0x0000000000000168       0x20 ../lab1_software_bsp/\libhal_bsp.a(altera_avalon_jtag_uart_write.o)
 .debug_aranges
                0x0000000000000188       0x20 ../lab1_software_bsp/\libhal_bsp.a(altera_avalon_timer_sc.o)
 .debug_aranges
                0x00000000000001a8       0x20 ../lab1_software_bsp/\libhal_bsp.a(alt_alarm_start.o)
 .debug_aranges
                0x00000000000001c8       0x20 ../lab1_software_bsp/\libhal_bsp.a(alt_close.o)
 .debug_aranges
                0x00000000000001e8       0x20 ../lab1_software_bsp/\libhal_bsp.a(alt_dcache_flush_all.o)
 .debug_aranges
                0x0000000000000208       0x20 ../lab1_software_bsp/\libhal_bsp.a(alt_dev.o)
 .debug_aranges
                0x0000000000000228       0x20 ../lab1_software_bsp/\libhal_bsp.a(alt_dev_llist_insert.o)
 .debug_aranges
                0x0000000000000248       0x20 ../lab1_software_bsp/\libhal_bsp.a(alt_do_ctors.o)
 .debug_aranges
                0x0000000000000268       0x20 ../lab1_software_bsp/\libhal_bsp.a(alt_do_dtors.o)
 .debug_aranges
                0x0000000000000288       0x18 ../lab1_software_bsp/\libhal_bsp.a(alt_errno.o)
 .debug_aranges
                0x00000000000002a0       0x20 ../lab1_software_bsp/\libhal_bsp.a(alt_icache_flush_all.o)
 .debug_aranges
                0x00000000000002c0       0x20 ../lab1_software_bsp/\libhal_bsp.a(alt_iic.o)
 .debug_aranges
                0x00000000000002e0       0x20 ../lab1_software_bsp/\libhal_bsp.a(alt_iic_isr_register.o)
 .debug_aranges
                0x0000000000000300       0x20 ../lab1_software_bsp/\libhal_bsp.a(alt_io_redirect.o)
 .debug_aranges
                0x0000000000000320       0x30 ../lab1_software_bsp/\libhal_bsp.a(alt_irq_entry.o)
 .debug_aranges
                0x0000000000000350       0x20 ../lab1_software_bsp/\libhal_bsp.a(alt_irq_handler.o)
 .debug_aranges
                0x0000000000000370       0x18 ../lab1_software_bsp/\libhal_bsp.a(alt_irq_vars.o)
 .debug_aranges
                0x0000000000000388       0x20 ../lab1_software_bsp/\libhal_bsp.a(alt_open.o)
 .debug_aranges
                0x00000000000003a8       0x20 ../lab1_software_bsp/\libhal_bsp.a(alt_release_fd.o)
 .debug_aranges
                0x00000000000003c8       0x20 ../lab1_software_bsp/\libhal_bsp.a(alt_tick.o)
 .debug_aranges
                0x00000000000003e8       0x20 ../lab1_software_bsp/\libhal_bsp.a(altera_nios2_gen2_irq.o)
 .debug_aranges
                0x0000000000000408       0x38 ../lab1_software_bsp/\libhal_bsp.a(alt_exception_entry.o)
 .debug_aranges
                0x0000000000000440       0x20 ../lab1_software_bsp/\libhal_bsp.a(alt_find_dev.o)
 .debug_aranges
                0x0000000000000460       0x20 ../lab1_software_bsp/\libhal_bsp.a(alt_find_file.o)
 .debug_aranges
                0x0000000000000480       0x20 ../lab1_software_bsp/\libhal_bsp.a(alt_get_fd.o)
 .debug_aranges
                0x00000000000004a0       0x28 ../lab1_software_bsp/\libhal_bsp.a(alt_instruction_exception_entry.o)
 .debug_aranges
                0x00000000000004c8       0x20 c:/altera_lite/15.1/nios2eds/bin/gnu/h-x86_64-mingw32/bin/../lib/gcc/nios2-elf/4.9.2/../../../../../H-x86_64-mingw32/nios2-elf/lib/mno-hw-mul\libc.a(lib_a-atexit.o)
 .debug_aranges
                0x00000000000004e8       0x20 c:/altera_lite/15.1/nios2eds/bin/gnu/h-x86_64-mingw32/bin/../lib/gcc/nios2-elf/4.9.2/../../../../../H-x86_64-mingw32/nios2-elf/lib/mno-hw-mul\libc.a(lib_a-exit.o)
 .debug_aranges
                0x0000000000000508       0x18 c:/altera_lite/15.1/nios2eds/bin/gnu/h-x86_64-mingw32/bin/../lib/gcc/nios2-elf/4.9.2/../../../../../H-x86_64-mingw32/nios2-elf/lib/mno-hw-mul\libc.a(lib_a-impure.o)
 .debug_aranges
                0x0000000000000520       0x18 c:/altera_lite/15.1/nios2eds/bin/gnu/h-x86_64-mingw32/bin/../lib/gcc/nios2-elf/4.9.2/../../../../../H-x86_64-mingw32/nios2-elf/lib/mno-hw-mul\libc.a(lib_a-int_errno.o)
 .debug_aranges
                0x0000000000000538       0x20 c:/altera_lite/15.1/nios2eds/bin/gnu/h-x86_64-mingw32/bin/../lib/gcc/nios2-elf/4.9.2/../../../../../H-x86_64-mingw32/nios2-elf/lib/mno-hw-mul\libc.a(lib_a-memcmp.o)
 .debug_aranges
                0x0000000000000558       0x20 c:/altera_lite/15.1/nios2eds/bin/gnu/h-x86_64-mingw32/bin/../lib/gcc/nios2-elf/4.9.2/../../../../../H-x86_64-mingw32/nios2-elf/lib/mno-hw-mul\libc.a(lib_a-memcpy.o)
 .debug_aranges
                0x0000000000000578       0x20 c:/altera_lite/15.1/nios2eds/bin/gnu/h-x86_64-mingw32/bin/../lib/gcc/nios2-elf/4.9.2/../../../../../H-x86_64-mingw32/nios2-elf/lib/mno-hw-mul\libc.a(lib_a-strlen.o)
 .debug_aranges
                0x0000000000000598       0x20 c:/altera_lite/15.1/nios2eds/bin/gnu/h-x86_64-mingw32/bin/../lib/gcc/nios2-elf/4.9.2/../../../../../H-x86_64-mingw32/nios2-elf/lib/mno-hw-mul\libc.a(lib_a-__atexit.o)
 .debug_aranges
                0x00000000000005b8       0x20 c:/altera_lite/15.1/nios2eds/bin/gnu/h-x86_64-mingw32/bin/../lib/gcc/nios2-elf/4.9.2/../../../../../H-x86_64-mingw32/nios2-elf/lib/mno-hw-mul\libc.a(lib_a-__call_atexit.o)
 .debug_aranges
                0x00000000000005d8       0x20 ../lab1_software_bsp/\libhal_bsp.a(alt_exit.o)

.debug_pubnames
 *(.debug_pubnames)

.debug_info     0x0000000000000000     0x7caa
 *(.debug_info .gnu.linkonce.wi.*)
 .debug_info    0x0000000000000000       0x77 ../lab1_software_bsp//obj/HAL/src/crt0.o
 .debug_info    0x0000000000000077      0x4a1 obj/default/main.o
 .debug_info    0x0000000000000518      0x234 c:/altera_lite/15.1/nios2eds/bin/gnu/h-x86_64-mingw32/bin/../lib/gcc/nios2-elf/4.9.2/mno-hw-mul\libgcc.a(lib2-divmod.o)
 .debug_info    0x000000000000074c       0xb4 c:/altera_lite/15.1/nios2eds/bin/gnu/h-x86_64-mingw32/bin/../lib/gcc/nios2-elf/4.9.2/mno-hw-mul\libgcc.a(lib2-mul.o)
 .debug_info    0x0000000000000800      0x13e ../lab1_software_bsp/\libhal_bsp.a(alt_load.o)
 .debug_info    0x000000000000093e      0x12a ../lab1_software_bsp/\libhal_bsp.a(alt_main.o)
 .debug_info    0x0000000000000a68      0x4d2 ../lab1_software_bsp/\libhal_bsp.a(alt_sys_init.o)
 .debug_info    0x0000000000000f3a      0x527 ../lab1_software_bsp/\libhal_bsp.a(altera_avalon_jtag_uart_fd.o)
 .debug_info    0x0000000000001461      0x3a1 ../lab1_software_bsp/\libhal_bsp.a(altera_avalon_jtag_uart_init.o)
 .debug_info    0x0000000000001802      0x279 ../lab1_software_bsp/\libhal_bsp.a(altera_avalon_jtag_uart_ioctl.o)
 .debug_info    0x0000000000001a7b      0x342 ../lab1_software_bsp/\libhal_bsp.a(altera_avalon_jtag_uart_read.o)
 .debug_info    0x0000000000001dbd      0x339 ../lab1_software_bsp/\libhal_bsp.a(altera_avalon_jtag_uart_write.o)
 .debug_info    0x00000000000020f6      0x21f ../lab1_software_bsp/\libhal_bsp.a(altera_avalon_timer_sc.o)
 .debug_info    0x0000000000002315      0x2c5 ../lab1_software_bsp/\libhal_bsp.a(alt_alarm_start.o)
 .debug_info    0x00000000000025da      0x31a ../lab1_software_bsp/\libhal_bsp.a(alt_close.o)
 .debug_info    0x00000000000028f4       0x8b ../lab1_software_bsp/\libhal_bsp.a(alt_dcache_flush_all.o)
 .debug_info    0x000000000000297f      0x495 ../lab1_software_bsp/\libhal_bsp.a(alt_dev.o)
 .debug_info    0x0000000000002e14      0x1a2 ../lab1_software_bsp/\libhal_bsp.a(alt_dev_llist_insert.o)
 .debug_info    0x0000000000002fb6       0x83 ../lab1_software_bsp/\libhal_bsp.a(alt_do_ctors.o)
 .debug_info    0x0000000000003039       0x83 ../lab1_software_bsp/\libhal_bsp.a(alt_do_dtors.o)
 .debug_info    0x00000000000030bc       0x9f ../lab1_software_bsp/\libhal_bsp.a(alt_errno.o)
 .debug_info    0x000000000000315b       0x8b ../lab1_software_bsp/\libhal_bsp.a(alt_icache_flush_all.o)
 .debug_info    0x00000000000031e6      0x349 ../lab1_software_bsp/\libhal_bsp.a(alt_iic.o)
 .debug_info    0x000000000000352f      0x1e8 ../lab1_software_bsp/\libhal_bsp.a(alt_iic_isr_register.o)
 .debug_info    0x0000000000003717      0x49e ../lab1_software_bsp/\libhal_bsp.a(alt_io_redirect.o)
 .debug_info    0x0000000000003bb5       0x80 ../lab1_software_bsp/\libhal_bsp.a(alt_irq_entry.o)
 .debug_info    0x0000000000003c35      0x180 ../lab1_software_bsp/\libhal_bsp.a(alt_irq_handler.o)
 .debug_info    0x0000000000003db5       0x88 ../lab1_software_bsp/\libhal_bsp.a(alt_irq_vars.o)
 .debug_info    0x0000000000003e3d      0x3b4 ../lab1_software_bsp/\libhal_bsp.a(alt_open.o)
 .debug_info    0x00000000000041f1      0x2b0 ../lab1_software_bsp/\libhal_bsp.a(alt_release_fd.o)
 .debug_info    0x00000000000044a1      0x292 ../lab1_software_bsp/\libhal_bsp.a(alt_tick.o)
 .debug_info    0x0000000000004733       0x8b ../lab1_software_bsp/\libhal_bsp.a(altera_nios2_gen2_irq.o)
 .debug_info    0x00000000000047be       0x86 ../lab1_software_bsp/\libhal_bsp.a(alt_exception_entry.o)
 .debug_info    0x0000000000004844      0x2e2 ../lab1_software_bsp/\libhal_bsp.a(alt_find_dev.o)
 .debug_info    0x0000000000004b26      0x2df ../lab1_software_bsp/\libhal_bsp.a(alt_find_file.o)
 .debug_info    0x0000000000004e05      0x309 ../lab1_software_bsp/\libhal_bsp.a(alt_get_fd.o)
 .debug_info    0x000000000000510e      0x1d8 ../lab1_software_bsp/\libhal_bsp.a(alt_instruction_exception_entry.o)
 .debug_info    0x00000000000052e6      0x10a c:/altera_lite/15.1/nios2eds/bin/gnu/h-x86_64-mingw32/bin/../lib/gcc/nios2-elf/4.9.2/../../../../../H-x86_64-mingw32/nios2-elf/lib/mno-hw-mul\libc.a(lib_a-atexit.o)
 .debug_info    0x00000000000053f0      0x8ef c:/altera_lite/15.1/nios2eds/bin/gnu/h-x86_64-mingw32/bin/../lib/gcc/nios2-elf/4.9.2/../../../../../H-x86_64-mingw32/nios2-elf/lib/mno-hw-mul\libc.a(lib_a-exit.o)
 .debug_info    0x0000000000005cdf      0x89f c:/altera_lite/15.1/nios2eds/bin/gnu/h-x86_64-mingw32/bin/../lib/gcc/nios2-elf/4.9.2/../../../../../H-x86_64-mingw32/nios2-elf/lib/mno-hw-mul\libc.a(lib_a-impure.o)
 .debug_info    0x000000000000657e       0x83 c:/altera_lite/15.1/nios2eds/bin/gnu/h-x86_64-mingw32/bin/../lib/gcc/nios2-elf/4.9.2/../../../../../H-x86_64-mingw32/nios2-elf/lib/mno-hw-mul\libc.a(lib_a-int_errno.o)
 .debug_info    0x0000000000006601      0x113 c:/altera_lite/15.1/nios2eds/bin/gnu/h-x86_64-mingw32/bin/../lib/gcc/nios2-elf/4.9.2/../../../../../H-x86_64-mingw32/nios2-elf/lib/mno-hw-mul\libc.a(lib_a-memcmp.o)
 .debug_info    0x0000000000006714      0x133 c:/altera_lite/15.1/nios2eds/bin/gnu/h-x86_64-mingw32/bin/../lib/gcc/nios2-elf/4.9.2/../../../../../H-x86_64-mingw32/nios2-elf/lib/mno-hw-mul\libc.a(lib_a-memcpy.o)
 .debug_info    0x0000000000006847       0xdb c:/altera_lite/15.1/nios2eds/bin/gnu/h-x86_64-mingw32/bin/../lib/gcc/nios2-elf/4.9.2/../../../../../H-x86_64-mingw32/nios2-elf/lib/mno-hw-mul\libc.a(lib_a-strlen.o)
 .debug_info    0x0000000000006922      0x93f c:/altera_lite/15.1/nios2eds/bin/gnu/h-x86_64-mingw32/bin/../lib/gcc/nios2-elf/4.9.2/../../../../../H-x86_64-mingw32/nios2-elf/lib/mno-hw-mul\libc.a(lib_a-__atexit.o)
 .debug_info    0x0000000000007261      0x964 c:/altera_lite/15.1/nios2eds/bin/gnu/h-x86_64-mingw32/bin/../lib/gcc/nios2-elf/4.9.2/../../../../../H-x86_64-mingw32/nios2-elf/lib/mno-hw-mul\libc.a(lib_a-__call_atexit.o)
 .debug_info    0x0000000000007bc5       0xe5 ../lab1_software_bsp/\libhal_bsp.a(alt_exit.o)

.debug_abbrev   0x0000000000000000     0x2c0f
 *(.debug_abbrev)
 .debug_abbrev  0x0000000000000000       0x12 ../lab1_software_bsp//obj/HAL/src/crt0.o
 .debug_abbrev  0x0000000000000012      0x129 obj/default/main.o
 .debug_abbrev  0x000000000000013b       0xd9 c:/altera_lite/15.1/nios2eds/bin/gnu/h-x86_64-mingw32/bin/../lib/gcc/nios2-elf/4.9.2/mno-hw-mul\libgcc.a(lib2-divmod.o)
 .debug_abbrev  0x0000000000000214       0x6f c:/altera_lite/15.1/nios2eds/bin/gnu/h-x86_64-mingw32/bin/../lib/gcc/nios2-elf/4.9.2/mno-hw-mul\libgcc.a(lib2-mul.o)
 .debug_abbrev  0x0000000000000283       0x9f ../lab1_software_bsp/\libhal_bsp.a(alt_load.o)
 .debug_abbrev  0x0000000000000322       0xba ../lab1_software_bsp/\libhal_bsp.a(alt_main.o)
 .debug_abbrev  0x00000000000003dc      0x187 ../lab1_software_bsp/\libhal_bsp.a(alt_sys_init.o)
 .debug_abbrev  0x0000000000000563      0x127 ../lab1_software_bsp/\libhal_bsp.a(altera_avalon_jtag_uart_fd.o)
 .debug_abbrev  0x000000000000068a      0x197 ../lab1_software_bsp/\libhal_bsp.a(altera_avalon_jtag_uart_init.o)
 .debug_abbrev  0x0000000000000821      0x111 ../lab1_software_bsp/\libhal_bsp.a(altera_avalon_jtag_uart_ioctl.o)
 .debug_abbrev  0x0000000000000932      0x1ac ../lab1_software_bsp/\libhal_bsp.a(altera_avalon_jtag_uart_read.o)
 .debug_abbrev  0x0000000000000ade      0x1a8 ../lab1_software_bsp/\libhal_bsp.a(altera_avalon_jtag_uart_write.o)
 .debug_abbrev  0x0000000000000c86      0x155 ../lab1_software_bsp/\libhal_bsp.a(altera_avalon_timer_sc.o)
 .debug_abbrev  0x0000000000000ddb      0x162 ../lab1_software_bsp/\libhal_bsp.a(alt_alarm_start.o)
 .debug_abbrev  0x0000000000000f3d      0x11f ../lab1_software_bsp/\libhal_bsp.a(alt_close.o)
 .debug_abbrev  0x000000000000105c       0x42 ../lab1_software_bsp/\libhal_bsp.a(alt_dcache_flush_all.o)
 .debug_abbrev  0x000000000000109e       0xd9 ../lab1_software_bsp/\libhal_bsp.a(alt_dev.o)
 .debug_abbrev  0x0000000000001177      0x114 ../lab1_software_bsp/\libhal_bsp.a(alt_dev_llist_insert.o)
 .debug_abbrev  0x000000000000128b       0x79 ../lab1_software_bsp/\libhal_bsp.a(alt_do_ctors.o)
 .debug_abbrev  0x0000000000001304       0x79 ../lab1_software_bsp/\libhal_bsp.a(alt_do_dtors.o)
 .debug_abbrev  0x000000000000137d       0x5a ../lab1_software_bsp/\libhal_bsp.a(alt_errno.o)
 .debug_abbrev  0x00000000000013d7       0x42 ../lab1_software_bsp/\libhal_bsp.a(alt_icache_flush_all.o)
 .debug_abbrev  0x0000000000001419      0x163 ../lab1_software_bsp/\libhal_bsp.a(alt_iic.o)
 .debug_abbrev  0x000000000000157c      0x169 ../lab1_software_bsp/\libhal_bsp.a(alt_iic_isr_register.o)
 .debug_abbrev  0x00000000000016e5      0x114 ../lab1_software_bsp/\libhal_bsp.a(alt_io_redirect.o)
 .debug_abbrev  0x00000000000017f9       0x12 ../lab1_software_bsp/\libhal_bsp.a(alt_irq_entry.o)
 .debug_abbrev  0x000000000000180b      0x122 ../lab1_software_bsp/\libhal_bsp.a(alt_irq_handler.o)
 .debug_abbrev  0x000000000000192d       0x40 ../lab1_software_bsp/\libhal_bsp.a(alt_irq_vars.o)
 .debug_abbrev  0x000000000000196d      0x148 ../lab1_software_bsp/\libhal_bsp.a(alt_open.o)
 .debug_abbrev  0x0000000000001ab5       0xde ../lab1_software_bsp/\libhal_bsp.a(alt_release_fd.o)
 .debug_abbrev  0x0000000000001b93      0x15a ../lab1_software_bsp/\libhal_bsp.a(alt_tick.o)
 .debug_abbrev  0x0000000000001ced       0x42 ../lab1_software_bsp/\libhal_bsp.a(altera_nios2_gen2_irq.o)
 .debug_abbrev  0x0000000000001d2f       0x12 ../lab1_software_bsp/\libhal_bsp.a(alt_exception_entry.o)
 .debug_abbrev  0x0000000000001d41       0xf0 ../lab1_software_bsp/\libhal_bsp.a(alt_find_dev.o)
 .debug_abbrev  0x0000000000001e31       0xf0 ../lab1_software_bsp/\libhal_bsp.a(alt_find_file.o)
 .debug_abbrev  0x0000000000001f21      0x10d ../lab1_software_bsp/\libhal_bsp.a(alt_get_fd.o)
 .debug_abbrev  0x000000000000202e       0xd1 ../lab1_software_bsp/\libhal_bsp.a(alt_instruction_exception_entry.o)
 .debug_abbrev  0x00000000000020ff       0xb8 c:/altera_lite/15.1/nios2eds/bin/gnu/h-x86_64-mingw32/bin/../lib/gcc/nios2-elf/4.9.2/../../../../../H-x86_64-mingw32/nios2-elf/lib/mno-hw-mul\libc.a(lib_a-atexit.o)
 .debug_abbrev  0x00000000000021b7      0x1f5 c:/altera_lite/15.1/nios2eds/bin/gnu/h-x86_64-mingw32/bin/../lib/gcc/nios2-elf/4.9.2/../../../../../H-x86_64-mingw32/nios2-elf/lib/mno-hw-mul\libc.a(lib_a-exit.o)
 .debug_abbrev  0x00000000000023ac      0x18f c:/altera_lite/15.1/nios2eds/bin/gnu/h-x86_64-mingw32/bin/../lib/gcc/nios2-elf/4.9.2/../../../../../H-x86_64-mingw32/nios2-elf/lib/mno-hw-mul\libc.a(lib_a-impure.o)
 .debug_abbrev  0x000000000000253b       0x37 c:/altera_lite/15.1/nios2eds/bin/gnu/h-x86_64-mingw32/bin/../lib/gcc/nios2-elf/4.9.2/../../../../../H-x86_64-mingw32/nios2-elf/lib/mno-hw-mul\libc.a(lib_a-int_errno.o)
 .debug_abbrev  0x0000000000002572       0x7f c:/altera_lite/15.1/nios2eds/bin/gnu/h-x86_64-mingw32/bin/../lib/gcc/nios2-elf/4.9.2/../../../../../H-x86_64-mingw32/nios2-elf/lib/mno-hw-mul\libc.a(lib_a-memcmp.o)
 .debug_abbrev  0x00000000000025f1       0x9c c:/altera_lite/15.1/nios2eds/bin/gnu/h-x86_64-mingw32/bin/../lib/gcc/nios2-elf/4.9.2/../../../../../H-x86_64-mingw32/nios2-elf/lib/mno-hw-mul\libc.a(lib_a-memcpy.o)
 .debug_abbrev  0x000000000000268d       0x90 c:/altera_lite/15.1/nios2eds/bin/gnu/h-x86_64-mingw32/bin/../lib/gcc/nios2-elf/4.9.2/../../../../../H-x86_64-mingw32/nios2-elf/lib/mno-hw-mul\libc.a(lib_a-strlen.o)
 .debug_abbrev  0x000000000000271d      0x21e c:/altera_lite/15.1/nios2eds/bin/gnu/h-x86_64-mingw32/bin/../lib/gcc/nios2-elf/4.9.2/../../../../../H-x86_64-mingw32/nios2-elf/lib/mno-hw-mul\libc.a(lib_a-__atexit.o)
 .debug_abbrev  0x000000000000293b      0x22e c:/altera_lite/15.1/nios2eds/bin/gnu/h-x86_64-mingw32/bin/../lib/gcc/nios2-elf/4.9.2/../../../../../H-x86_64-mingw32/nios2-elf/lib/mno-hw-mul\libc.a(lib_a-__call_atexit.o)
 .debug_abbrev  0x0000000000002b69       0xa6 ../lab1_software_bsp/\libhal_bsp.a(alt_exit.o)

.debug_line     0x0000000000000000     0x2c97
 *(.debug_line)
 .debug_line    0x0000000000000000       0x66 ../lab1_software_bsp//obj/HAL/src/crt0.o
 .debug_line    0x0000000000000066      0x1ba obj/default/main.o
 .debug_line    0x0000000000000220       0xc7 c:/altera_lite/15.1/nios2eds/bin/gnu/h-x86_64-mingw32/bin/../lib/gcc/nios2-elf/4.9.2/mno-hw-mul\libgcc.a(lib2-divmod.o)
 .debug_line    0x00000000000002e7       0x80 c:/altera_lite/15.1/nios2eds/bin/gnu/h-x86_64-mingw32/bin/../lib/gcc/nios2-elf/4.9.2/mno-hw-mul\libgcc.a(lib2-mul.o)
 .debug_line    0x0000000000000367       0x8d ../lab1_software_bsp/\libhal_bsp.a(alt_load.o)
 .debug_line    0x00000000000003f4       0xa4 ../lab1_software_bsp/\libhal_bsp.a(alt_main.o)
 .debug_line    0x0000000000000498      0x152 ../lab1_software_bsp/\libhal_bsp.a(alt_sys_init.o)
 .debug_line    0x00000000000005ea      0x12f ../lab1_software_bsp/\libhal_bsp.a(altera_avalon_jtag_uart_fd.o)
 .debug_line    0x0000000000000719      0x180 ../lab1_software_bsp/\libhal_bsp.a(altera_avalon_jtag_uart_init.o)
 .debug_line    0x0000000000000899      0x12e ../lab1_software_bsp/\libhal_bsp.a(altera_avalon_jtag_uart_ioctl.o)
 .debug_line    0x00000000000009c7      0x16a ../lab1_software_bsp/\libhal_bsp.a(altera_avalon_jtag_uart_read.o)
 .debug_line    0x0000000000000b31      0x16a ../lab1_software_bsp/\libhal_bsp.a(altera_avalon_jtag_uart_write.o)
 .debug_line    0x0000000000000c9b       0xfd ../lab1_software_bsp/\libhal_bsp.a(altera_avalon_timer_sc.o)
 .debug_line    0x0000000000000d98       0xfa ../lab1_software_bsp/\libhal_bsp.a(alt_alarm_start.o)
 .debug_line    0x0000000000000e92      0x163 ../lab1_software_bsp/\libhal_bsp.a(alt_close.o)
 .debug_line    0x0000000000000ff5       0x51 ../lab1_software_bsp/\libhal_bsp.a(alt_dcache_flush_all.o)
 .debug_line    0x0000000000001046       0xf5 ../lab1_software_bsp/\libhal_bsp.a(alt_dev.o)
 .debug_line    0x000000000000113b       0xd0 ../lab1_software_bsp/\libhal_bsp.a(alt_dev_llist_insert.o)
 .debug_line    0x000000000000120b       0x59 ../lab1_software_bsp/\libhal_bsp.a(alt_do_ctors.o)
 .debug_line    0x0000000000001264       0x59 ../lab1_software_bsp/\libhal_bsp.a(alt_do_dtors.o)
 .debug_line    0x00000000000012bd       0x51 ../lab1_software_bsp/\libhal_bsp.a(alt_errno.o)
 .debug_line    0x000000000000130e       0x4f ../lab1_software_bsp/\libhal_bsp.a(alt_icache_flush_all.o)
 .debug_line    0x000000000000135d       0xef ../lab1_software_bsp/\libhal_bsp.a(alt_iic.o)
 .debug_line    0x000000000000144c       0xdb ../lab1_software_bsp/\libhal_bsp.a(alt_iic_isr_register.o)
 .debug_line    0x0000000000001527      0x132 ../lab1_software_bsp/\libhal_bsp.a(alt_io_redirect.o)
 .debug_line    0x0000000000001659       0x6b ../lab1_software_bsp/\libhal_bsp.a(alt_irq_entry.o)
 .debug_line    0x00000000000016c4       0xaa ../lab1_software_bsp/\libhal_bsp.a(alt_irq_handler.o)
 .debug_line    0x000000000000176e       0x50 ../lab1_software_bsp/\libhal_bsp.a(alt_irq_vars.o)
 .debug_line    0x00000000000017be      0x12d ../lab1_software_bsp/\libhal_bsp.a(alt_open.o)
 .debug_line    0x00000000000018eb       0xb0 ../lab1_software_bsp/\libhal_bsp.a(alt_release_fd.o)
 .debug_line    0x000000000000199b       0xfe ../lab1_software_bsp/\libhal_bsp.a(alt_tick.o)
 .debug_line    0x0000000000001a99       0x51 ../lab1_software_bsp/\libhal_bsp.a(altera_nios2_gen2_irq.o)
 .debug_line    0x0000000000001aea       0xb3 ../lab1_software_bsp/\libhal_bsp.a(alt_exception_entry.o)
 .debug_line    0x0000000000001b9d       0xb5 ../lab1_software_bsp/\libhal_bsp.a(alt_find_dev.o)
 .debug_line    0x0000000000001c52       0xd1 ../lab1_software_bsp/\libhal_bsp.a(alt_find_file.o)
 .debug_line    0x0000000000001d23       0xd8 ../lab1_software_bsp/\libhal_bsp.a(alt_get_fd.o)
 .debug_line    0x0000000000001dfb       0xb9 ../lab1_software_bsp/\libhal_bsp.a(alt_instruction_exception_entry.o)
 .debug_line    0x0000000000001eb4       0xe7 c:/altera_lite/15.1/nios2eds/bin/gnu/h-x86_64-mingw32/bin/../lib/gcc/nios2-elf/4.9.2/../../../../../H-x86_64-mingw32/nios2-elf/lib/mno-hw-mul\libc.a(lib_a-atexit.o)
 .debug_line    0x0000000000001f9b      0x1fc c:/altera_lite/15.1/nios2eds/bin/gnu/h-x86_64-mingw32/bin/../lib/gcc/nios2-elf/4.9.2/../../../../../H-x86_64-mingw32/nios2-elf/lib/mno-hw-mul\libc.a(lib_a-exit.o)
 .debug_line    0x0000000000002197      0x160 c:/altera_lite/15.1/nios2eds/bin/gnu/h-x86_64-mingw32/bin/../lib/gcc/nios2-elf/4.9.2/../../../../../H-x86_64-mingw32/nios2-elf/lib/mno-hw-mul\libc.a(lib_a-impure.o)
 .debug_line    0x00000000000022f7       0x5f c:/altera_lite/15.1/nios2eds/bin/gnu/h-x86_64-mingw32/bin/../lib/gcc/nios2-elf/4.9.2/../../../../../H-x86_64-mingw32/nios2-elf/lib/mno-hw-mul\libc.a(lib_a-int_errno.o)
 .debug_line    0x0000000000002356      0x176 c:/altera_lite/15.1/nios2eds/bin/gnu/h-x86_64-mingw32/bin/../lib/gcc/nios2-elf/4.9.2/../../../../../H-x86_64-mingw32/nios2-elf/lib/mno-hw-mul\libc.a(lib_a-memcmp.o)
 .debug_line    0x00000000000024cc      0x185 c:/altera_lite/15.1/nios2eds/bin/gnu/h-x86_64-mingw32/bin/../lib/gcc/nios2-elf/4.9.2/../../../../../H-x86_64-mingw32/nios2-elf/lib/mno-hw-mul\libc.a(lib_a-memcpy.o)
 .debug_line    0x0000000000002651      0x16f c:/altera_lite/15.1/nios2eds/bin/gnu/h-x86_64-mingw32/bin/../lib/gcc/nios2-elf/4.9.2/../../../../../H-x86_64-mingw32/nios2-elf/lib/mno-hw-mul\libc.a(lib_a-strlen.o)
 .debug_line    0x00000000000027c0      0x225 c:/altera_lite/15.1/nios2eds/bin/gnu/h-x86_64-mingw32/bin/../lib/gcc/nios2-elf/4.9.2/../../../../../H-x86_64-mingw32/nios2-elf/lib/mno-hw-mul\libc.a(lib_a-__atexit.o)
 .debug_line    0x00000000000029e5      0x241 c:/altera_lite/15.1/nios2eds/bin/gnu/h-x86_64-mingw32/bin/../lib/gcc/nios2-elf/4.9.2/../../../../../H-x86_64-mingw32/nios2-elf/lib/mno-hw-mul\libc.a(lib_a-__call_atexit.o)
 .debug_line    0x0000000000002c26       0x71 ../lab1_software_bsp/\libhal_bsp.a(alt_exit.o)

.debug_frame    0x0000000000000000      0xd94
 *(.debug_frame)
 .debug_frame   0x0000000000000000      0x238 obj/default/main.o
 .debug_frame   0x0000000000000238       0x8c c:/altera_lite/15.1/nios2eds/bin/gnu/h-x86_64-mingw32/bin/../lib/gcc/nios2-elf/4.9.2/mno-hw-mul\libgcc.a(lib2-divmod.o)
 .debug_frame   0x00000000000002c4       0x20 c:/altera_lite/15.1/nios2eds/bin/gnu/h-x86_64-mingw32/bin/../lib/gcc/nios2-elf/4.9.2/mno-hw-mul\libgcc.a(lib2-mul.o)
 .debug_frame   0x00000000000002e4       0x5c ../lab1_software_bsp/\libhal_bsp.a(alt_load.o)
 .debug_frame   0x0000000000000340       0x2c ../lab1_software_bsp/\libhal_bsp.a(alt_main.o)
 .debug_frame   0x000000000000036c       0x88 ../lab1_software_bsp/\libhal_bsp.a(alt_sys_init.o)
 .debug_frame   0x00000000000003f4       0xb0 ../lab1_software_bsp/\libhal_bsp.a(altera_avalon_jtag_uart_fd.o)
 .debug_frame   0x00000000000004a4       0xa4 ../lab1_software_bsp/\libhal_bsp.a(altera_avalon_jtag_uart_init.o)
 .debug_frame   0x0000000000000548       0x34 ../lab1_software_bsp/\libhal_bsp.a(altera_avalon_jtag_uart_ioctl.o)
 .debug_frame   0x000000000000057c       0x38 ../lab1_software_bsp/\libhal_bsp.a(altera_avalon_jtag_uart_read.o)
 .debug_frame   0x00000000000005b4       0x38 ../lab1_software_bsp/\libhal_bsp.a(altera_avalon_jtag_uart_write.o)
 .debug_frame   0x00000000000005ec       0x60 ../lab1_software_bsp/\libhal_bsp.a(altera_avalon_timer_sc.o)
 .debug_frame   0x000000000000064c       0x34 ../lab1_software_bsp/\libhal_bsp.a(alt_alarm_start.o)
 .debug_frame   0x0000000000000680       0x60 ../lab1_software_bsp/\libhal_bsp.a(alt_close.o)
 .debug_frame   0x00000000000006e0       0x34 ../lab1_software_bsp/\libhal_bsp.a(alt_dcache_flush_all.o)
 .debug_frame   0x0000000000000714       0x34 ../lab1_software_bsp/\libhal_bsp.a(alt_dev.o)
 .debug_frame   0x0000000000000748       0x60 ../lab1_software_bsp/\libhal_bsp.a(alt_dev_llist_insert.o)
 .debug_frame   0x00000000000007a8       0x38 ../lab1_software_bsp/\libhal_bsp.a(alt_do_ctors.o)
 .debug_frame   0x00000000000007e0       0x38 ../lab1_software_bsp/\libhal_bsp.a(alt_do_dtors.o)
 .debug_frame   0x0000000000000818       0x34 ../lab1_software_bsp/\libhal_bsp.a(alt_icache_flush_all.o)
 .debug_frame   0x000000000000084c       0xa4 ../lab1_software_bsp/\libhal_bsp.a(alt_iic.o)
 .debug_frame   0x00000000000008f0       0x38 ../lab1_software_bsp/\libhal_bsp.a(alt_iic_isr_register.o)
 .debug_frame   0x0000000000000928       0x64 ../lab1_software_bsp/\libhal_bsp.a(alt_io_redirect.o)
 .debug_frame   0x000000000000098c       0x38 ../lab1_software_bsp/\libhal_bsp.a(alt_irq_handler.o)
 .debug_frame   0x00000000000009c4       0x8c ../lab1_software_bsp/\libhal_bsp.a(alt_open.o)
 .debug_frame   0x0000000000000a50       0x3c ../lab1_software_bsp/\libhal_bsp.a(alt_release_fd.o)
 .debug_frame   0x0000000000000a8c       0x5c ../lab1_software_bsp/\libhal_bsp.a(alt_tick.o)
 .debug_frame   0x0000000000000ae8       0x34 ../lab1_software_bsp/\libhal_bsp.a(altera_nios2_gen2_irq.o)
 .debug_frame   0x0000000000000b1c       0x38 ../lab1_software_bsp/\libhal_bsp.a(alt_find_dev.o)
 .debug_frame   0x0000000000000b54       0x38 ../lab1_software_bsp/\libhal_bsp.a(alt_find_file.o)
 .debug_frame   0x0000000000000b8c       0x3c ../lab1_software_bsp/\libhal_bsp.a(alt_get_fd.o)
 .debug_frame   0x0000000000000bc8       0x5c ../lab1_software_bsp/\libhal_bsp.a(alt_instruction_exception_entry.o)
 .debug_frame   0x0000000000000c24       0x20 c:/altera_lite/15.1/nios2eds/bin/gnu/h-x86_64-mingw32/bin/../lib/gcc/nios2-elf/4.9.2/../../../../../H-x86_64-mingw32/nios2-elf/lib/mno-hw-mul\libc.a(lib_a-atexit.o)
 .debug_frame   0x0000000000000c44       0x28 c:/altera_lite/15.1/nios2eds/bin/gnu/h-x86_64-mingw32/bin/../lib/gcc/nios2-elf/4.9.2/../../../../../H-x86_64-mingw32/nios2-elf/lib/mno-hw-mul\libc.a(lib_a-exit.o)
 .debug_frame   0x0000000000000c6c       0x20 c:/altera_lite/15.1/nios2eds/bin/gnu/h-x86_64-mingw32/bin/../lib/gcc/nios2-elf/4.9.2/../../../../../H-x86_64-mingw32/nios2-elf/lib/mno-hw-mul\libc.a(lib_a-memcmp.o)
 .debug_frame   0x0000000000000c8c       0x30 c:/altera_lite/15.1/nios2eds/bin/gnu/h-x86_64-mingw32/bin/../lib/gcc/nios2-elf/4.9.2/../../../../../H-x86_64-mingw32/nios2-elf/lib/mno-hw-mul\libc.a(lib_a-memcpy.o)
 .debug_frame   0x0000000000000cbc       0x20 c:/altera_lite/15.1/nios2eds/bin/gnu/h-x86_64-mingw32/bin/../lib/gcc/nios2-elf/4.9.2/../../../../../H-x86_64-mingw32/nios2-elf/lib/mno-hw-mul\libc.a(lib_a-strlen.o)
 .debug_frame   0x0000000000000cdc       0x38 c:/altera_lite/15.1/nios2eds/bin/gnu/h-x86_64-mingw32/bin/../lib/gcc/nios2-elf/4.9.2/../../../../../H-x86_64-mingw32/nios2-elf/lib/mno-hw-mul\libc.a(lib_a-__atexit.o)
 .debug_frame   0x0000000000000d14       0x54 c:/altera_lite/15.1/nios2eds/bin/gnu/h-x86_64-mingw32/bin/../lib/gcc/nios2-elf/4.9.2/../../../../../H-x86_64-mingw32/nios2-elf/lib/mno-hw-mul\libc.a(lib_a-__call_atexit.o)
 .debug_frame   0x0000000000000d68       0x2c ../lab1_software_bsp/\libhal_bsp.a(alt_exit.o)

.debug_str      0x0000000000000000     0x1e1c
 *(.debug_str)
 .debug_str     0x0000000000000000      0x2a3 obj/default/main.o
                                        0x2f5 (size before relaxing)
 .debug_str     0x00000000000002a3      0x185 c:/altera_lite/15.1/nios2eds/bin/gnu/h-x86_64-mingw32/bin/../lib/gcc/nios2-elf/4.9.2/mno-hw-mul\libgcc.a(lib2-divmod.o)
                                        0x1d0 (size before relaxing)
 .debug_str     0x0000000000000428       0x40 c:/altera_lite/15.1/nios2eds/bin/gnu/h-x86_64-mingw32/bin/../lib/gcc/nios2-elf/4.9.2/mno-hw-mul\libgcc.a(lib2-mul.o)
                                        0x191 (size before relaxing)
 .debug_str     0x0000000000000468      0x12c ../lab1_software_bsp/\libhal_bsp.a(alt_load.o)
                                        0x1fe (size before relaxing)
 .debug_str     0x0000000000000594       0x70 ../lab1_software_bsp/\libhal_bsp.a(alt_main.o)
                                        0x189 (size before relaxing)
 .debug_str     0x0000000000000604      0x1d3 ../lab1_software_bsp/\libhal_bsp.a(alt_sys_init.o)
                                        0x37c (size before relaxing)
 .debug_str     0x00000000000007d7       0xb9 ../lab1_software_bsp/\libhal_bsp.a(altera_avalon_jtag_uart_fd.o)
                                        0x390 (size before relaxing)
 .debug_str     0x0000000000000890       0xd1 ../lab1_software_bsp/\libhal_bsp.a(altera_avalon_jtag_uart_init.o)
                                        0x324 (size before relaxing)
 .debug_str     0x0000000000000961       0x4a ../lab1_software_bsp/\libhal_bsp.a(altera_avalon_jtag_uart_ioctl.o)
                                        0x27f (size before relaxing)
 .debug_str     0x00000000000009ab       0x7f ../lab1_software_bsp/\libhal_bsp.a(altera_avalon_jtag_uart_read.o)
                                        0x2d4 (size before relaxing)
 .debug_str     0x0000000000000a2a       0x4a ../lab1_software_bsp/\libhal_bsp.a(altera_avalon_jtag_uart_write.o)
                                        0x2d5 (size before relaxing)
 .debug_str     0x0000000000000a74       0x6d ../lab1_software_bsp/\libhal_bsp.a(altera_avalon_timer_sc.o)
                                        0x237 (size before relaxing)
 .debug_str     0x0000000000000ae1       0x59 ../lab1_software_bsp/\libhal_bsp.a(alt_alarm_start.o)
                                        0x26a (size before relaxing)
 .debug_str     0x0000000000000b3a       0x44 ../lab1_software_bsp/\libhal_bsp.a(alt_close.o)
                                        0x1f7 (size before relaxing)
 .debug_str     0x0000000000000b7e       0x34 ../lab1_software_bsp/\libhal_bsp.a(alt_dcache_flush_all.o)
                                        0x141 (size before relaxing)
 .debug_str     0x0000000000000bb2      0x120 ../lab1_software_bsp/\libhal_bsp.a(alt_dev.o)
                                        0x2f1 (size before relaxing)
 .debug_str     0x0000000000000cd2       0x34 ../lab1_software_bsp/\libhal_bsp.a(alt_dev_llist_insert.o)
                                        0x1b8 (size before relaxing)
 .debug_str     0x0000000000000d06       0x48 ../lab1_software_bsp/\libhal_bsp.a(alt_do_ctors.o)
                                         0xc8 (size before relaxing)
 .debug_str     0x0000000000000d4e       0x4c ../lab1_software_bsp/\libhal_bsp.a(alt_do_dtors.o)
                                         0xc7 (size before relaxing)
 .debug_str     0x0000000000000d9a       0x14 ../lab1_software_bsp/\libhal_bsp.a(alt_errno.o)
                                        0x131 (size before relaxing)
 .debug_str     0x0000000000000dae       0x34 ../lab1_software_bsp/\libhal_bsp.a(alt_icache_flush_all.o)
                                        0x141 (size before relaxing)
 .debug_str     0x0000000000000de2       0xc4 ../lab1_software_bsp/\libhal_bsp.a(alt_iic.o)
                                        0x22a (size before relaxing)
 .debug_str     0x0000000000000ea6       0x4c ../lab1_software_bsp/\libhal_bsp.a(alt_iic_isr_register.o)
                                        0x1d4 (size before relaxing)
 .debug_str     0x0000000000000ef2       0x56 ../lab1_software_bsp/\libhal_bsp.a(alt_io_redirect.o)
                                        0x302 (size before relaxing)
 .debug_str     0x0000000000000f48       0x3a ../lab1_software_bsp/\libhal_bsp.a(alt_irq_handler.o)
                                        0x183 (size before relaxing)
 .debug_str     0x0000000000000f82       0x17 ../lab1_software_bsp/\libhal_bsp.a(alt_irq_vars.o)
                                        0x132 (size before relaxing)
 .debug_str     0x0000000000000f99       0x2f ../lab1_software_bsp/\libhal_bsp.a(alt_open.o)
                                        0x237 (size before relaxing)
 .debug_str     0x0000000000000fc8       0x28 ../lab1_software_bsp/\libhal_bsp.a(alt_release_fd.o)
                                        0x1cb (size before relaxing)
 .debug_str     0x0000000000000ff0       0x4a ../lab1_software_bsp/\libhal_bsp.a(alt_tick.o)
                                        0x23e (size before relaxing)
 .debug_str     0x000000000000103a       0x3b ../lab1_software_bsp/\libhal_bsp.a(altera_nios2_gen2_irq.o)
                                        0x148 (size before relaxing)
 .debug_str     0x0000000000001075       0x24 ../lab1_software_bsp/\libhal_bsp.a(alt_find_dev.o)
                                        0x1d8 (size before relaxing)
 .debug_str     0x0000000000001099       0x26 ../lab1_software_bsp/\libhal_bsp.a(alt_find_file.o)
                                        0x1e6 (size before relaxing)
 .debug_str     0x00000000000010bf       0x30 ../lab1_software_bsp/\libhal_bsp.a(alt_get_fd.o)
                                        0x208 (size before relaxing)
 .debug_str     0x00000000000010ef      0x48b ../lab1_software_bsp/\libhal_bsp.a(alt_instruction_exception_entry.o)
                                        0x58b (size before relaxing)
 .debug_str     0x000000000000157a      0x17a c:/altera_lite/15.1/nios2eds/bin/gnu/h-x86_64-mingw32/bin/../lib/gcc/nios2-elf/4.9.2/../../../../../H-x86_64-mingw32/nios2-elf/lib/mno-hw-mul\libc.a(lib_a-atexit.o)
                                        0x213 (size before relaxing)
 .debug_str     0x00000000000016f4      0x3af c:/altera_lite/15.1/nios2eds/bin/gnu/h-x86_64-mingw32/bin/../lib/gcc/nios2-elf/4.9.2/../../../../../H-x86_64-mingw32/nios2-elf/lib/mno-hw-mul\libc.a(lib_a-exit.o)
                                        0x5b0 (size before relaxing)
 .debug_str     0x0000000000001aa3       0xd6 c:/altera_lite/15.1/nios2eds/bin/gnu/h-x86_64-mingw32/bin/../lib/gcc/nios2-elf/4.9.2/../../../../../H-x86_64-mingw32/nios2-elf/lib/mno-hw-mul\libc.a(lib_a-impure.o)
                                        0x5a7 (size before relaxing)
 .debug_str     0x0000000000001b79       0x3f c:/altera_lite/15.1/nios2eds/bin/gnu/h-x86_64-mingw32/bin/../lib/gcc/nios2-elf/4.9.2/../../../../../H-x86_64-mingw32/nios2-elf/lib/mno-hw-mul\libc.a(lib_a-int_errno.o)
                                        0x1cf (size before relaxing)
 .debug_str     0x0000000000001bb8       0xda c:/altera_lite/15.1/nios2eds/bin/gnu/h-x86_64-mingw32/bin/../lib/gcc/nios2-elf/4.9.2/../../../../../H-x86_64-mingw32/nios2-elf/lib/mno-hw-mul\libc.a(lib_a-memcmp.o)
                                        0x1d6 (size before relaxing)
 .debug_str     0x0000000000001c92       0x6b c:/altera_lite/15.1/nios2eds/bin/gnu/h-x86_64-mingw32/bin/../lib/gcc/nios2-elf/4.9.2/../../../../../H-x86_64-mingw32/nios2-elf/lib/mno-hw-mul\libc.a(lib_a-memcpy.o)
                                        0x1fd (size before relaxing)
 .debug_str     0x0000000000001cfd       0x51 c:/altera_lite/15.1/nios2eds/bin/gnu/h-x86_64-mingw32/bin/../lib/gcc/nios2-elf/4.9.2/../../../../../H-x86_64-mingw32/nios2-elf/lib/mno-hw-mul\libc.a(lib_a-strlen.o)
                                        0x1e9 (size before relaxing)
 .debug_str     0x0000000000001d4e       0x3f c:/altera_lite/15.1/nios2eds/bin/gnu/h-x86_64-mingw32/bin/../lib/gcc/nios2-elf/4.9.2/../../../../../H-x86_64-mingw32/nios2-elf/lib/mno-hw-mul\libc.a(lib_a-__atexit.o)
                                        0x5ef (size before relaxing)
 .debug_str     0x0000000000001d8d       0x65 c:/altera_lite/15.1/nios2eds/bin/gnu/h-x86_64-mingw32/bin/../lib/gcc/nios2-elf/4.9.2/../../../../../H-x86_64-mingw32/nios2-elf/lib/mno-hw-mul\libc.a(lib_a-__call_atexit.o)
                                        0x5d4 (size before relaxing)
 .debug_str     0x0000000000001df2       0x2a ../lab1_software_bsp/\libhal_bsp.a(alt_exit.o)
                                        0x13d (size before relaxing)

.debug_loc      0x0000000000000000      0xa8a
 *(.debug_loc)
 .debug_loc     0x0000000000000000      0x273 c:/altera_lite/15.1/nios2eds/bin/gnu/h-x86_64-mingw32/bin/../lib/gcc/nios2-elf/4.9.2/mno-hw-mul\libgcc.a(lib2-divmod.o)
 .debug_loc     0x0000000000000273       0x93 c:/altera_lite/15.1/nios2eds/bin/gnu/h-x86_64-mingw32/bin/../lib/gcc/nios2-elf/4.9.2/mno-hw-mul\libgcc.a(lib2-mul.o)
 .debug_loc     0x0000000000000306       0x2c c:/altera_lite/15.1/nios2eds/bin/gnu/h-x86_64-mingw32/bin/../lib/gcc/nios2-elf/4.9.2/../../../../../H-x86_64-mingw32/nios2-elf/lib/mno-hw-mul\libc.a(lib_a-atexit.o)
 .debug_loc     0x0000000000000332       0x1e c:/altera_lite/15.1/nios2eds/bin/gnu/h-x86_64-mingw32/bin/../lib/gcc/nios2-elf/4.9.2/../../../../../H-x86_64-mingw32/nios2-elf/lib/mno-hw-mul\libc.a(lib_a-exit.o)
 .debug_loc     0x0000000000000350      0x126 c:/altera_lite/15.1/nios2eds/bin/gnu/h-x86_64-mingw32/bin/../lib/gcc/nios2-elf/4.9.2/../../../../../H-x86_64-mingw32/nios2-elf/lib/mno-hw-mul\libc.a(lib_a-memcmp.o)
 .debug_loc     0x0000000000000476      0x2a2 c:/altera_lite/15.1/nios2eds/bin/gnu/h-x86_64-mingw32/bin/../lib/gcc/nios2-elf/4.9.2/../../../../../H-x86_64-mingw32/nios2-elf/lib/mno-hw-mul\libc.a(lib_a-memcpy.o)
 .debug_loc     0x0000000000000718       0x47 c:/altera_lite/15.1/nios2eds/bin/gnu/h-x86_64-mingw32/bin/../lib/gcc/nios2-elf/4.9.2/../../../../../H-x86_64-mingw32/nios2-elf/lib/mno-hw-mul\libc.a(lib_a-strlen.o)
 .debug_loc     0x000000000000075f      0x185 c:/altera_lite/15.1/nios2eds/bin/gnu/h-x86_64-mingw32/bin/../lib/gcc/nios2-elf/4.9.2/../../../../../H-x86_64-mingw32/nios2-elf/lib/mno-hw-mul\libc.a(lib_a-__atexit.o)
 .debug_loc     0x00000000000008e4      0x1a6 c:/altera_lite/15.1/nios2eds/bin/gnu/h-x86_64-mingw32/bin/../lib/gcc/nios2-elf/4.9.2/../../../../../H-x86_64-mingw32/nios2-elf/lib/mno-hw-mul\libc.a(lib_a-__call_atexit.o)

.debug_macinfo
 *(.debug_macinfo)

.debug_weaknames
 *(.debug_weaknames)

.debug_funcnames
 *(.debug_funcnames)

.debug_typenames
 *(.debug_typenames)

.debug_varnames
 *(.debug_varnames)

.debug_alt_sim_info
                0x0000000000000000       0x10
 *(.debug_alt_sim_info)
 .debug_alt_sim_info
                0x0000000000000000       0x10 ../lab1_software_bsp//obj/HAL/src/crt0.o
                0x0000000000020000                __alt_data_end = 0x20000
                0x0000000000020000                PROVIDE (__alt_stack_pointer, __alt_data_end)
                0x0000000000015dec                PROVIDE (__alt_stack_limit, __alt_stack_base)
                0x0000000000015dec                PROVIDE (__alt_heap_start, end)
                0x0000000000020000                PROVIDE (__alt_heap_limit, 0x20000)
OUTPUT(lab1_software.elf elf32-littlenios2)

.debug_ranges   0x0000000000000000      0x128
 .debug_ranges  0x0000000000000000       0x20 ../lab1_software_bsp//obj/HAL/src/crt0.o
 .debug_ranges  0x0000000000000020       0x28 ../lab1_software_bsp/\libhal_bsp.a(alt_irq_entry.o)
 .debug_ranges  0x0000000000000048       0x10 ../lab1_software_bsp/\libhal_bsp.a(alt_irq_handler.o)
 .debug_ranges  0x0000000000000058       0x30 ../lab1_software_bsp/\libhal_bsp.a(alt_exception_entry.o)
 .debug_ranges  0x0000000000000088       0x18 ../lab1_software_bsp/\libhal_bsp.a(alt_instruction_exception_entry.o)
 .debug_ranges  0x00000000000000a0       0x10 c:/altera_lite/15.1/nios2eds/bin/gnu/h-x86_64-mingw32/bin/../lib/gcc/nios2-elf/4.9.2/../../../../../H-x86_64-mingw32/nios2-elf/lib/mno-hw-mul\libc.a(lib_a-atexit.o)
 .debug_ranges  0x00000000000000b0       0x10 c:/altera_lite/15.1/nios2eds/bin/gnu/h-x86_64-mingw32/bin/../lib/gcc/nios2-elf/4.9.2/../../../../../H-x86_64-mingw32/nios2-elf/lib/mno-hw-mul\libc.a(lib_a-exit.o)
 .debug_ranges  0x00000000000000c0       0x10 c:/altera_lite/15.1/nios2eds/bin/gnu/h-x86_64-mingw32/bin/../lib/gcc/nios2-elf/4.9.2/../../../../../H-x86_64-mingw32/nios2-elf/lib/mno-hw-mul\libc.a(lib_a-memcmp.o)
 .debug_ranges  0x00000000000000d0       0x10 c:/altera_lite/15.1/nios2eds/bin/gnu/h-x86_64-mingw32/bin/../lib/gcc/nios2-elf/4.9.2/../../../../../H-x86_64-mingw32/nios2-elf/lib/mno-hw-mul\libc.a(lib_a-memcpy.o)
 .debug_ranges  0x00000000000000e0       0x10 c:/altera_lite/15.1/nios2eds/bin/gnu/h-x86_64-mingw32/bin/../lib/gcc/nios2-elf/4.9.2/../../../../../H-x86_64-mingw32/nios2-elf/lib/mno-hw-mul\libc.a(lib_a-strlen.o)
 .debug_ranges  0x00000000000000f0       0x10 c:/altera_lite/15.1/nios2eds/bin/gnu/h-x86_64-mingw32/bin/../lib/gcc/nios2-elf/4.9.2/../../../../../H-x86_64-mingw32/nios2-elf/lib/mno-hw-mul\libc.a(lib_a-__atexit.o)
 .debug_ranges  0x0000000000000100       0x28 c:/altera_lite/15.1/nios2eds/bin/gnu/h-x86_64-mingw32/bin/../lib/gcc/nios2-elf/4.9.2/../../../../../H-x86_64-mingw32/nios2-elf/lib/mno-hw-mul\libc.a(lib_a-__call_atexit.o)
